Component: ARM Compiler 5.06 update 5 (build 528) Tool: armlink [4d35e2]

==============================================================================

Section Cross References

    mbed/TARGET_LPC1768/TOOLCHAIN_ARM_STD/analogin_api.o(i.analogin_init) refers to mbed/TARGET_LPC1768/TOOLCHAIN_ARM_STD/mbed.ar(mbed_pinmap_common.o)(i.pinmap_peripheral) for pinmap_peripheral
    mbed/TARGET_LPC1768/TOOLCHAIN_ARM_STD/analogin_api.o(i.analogin_init) refers to mbed/TARGET_LPC1768/TOOLCHAIN_ARM_STD/mbed.ar(mbed_assert.o)(i.mbed_assert_internal) for mbed_assert_internal
    mbed/TARGET_LPC1768/TOOLCHAIN_ARM_STD/analogin_api.o(i.analogin_init) refers to mbed/TARGET_LPC1768/TOOLCHAIN_ARM_STD/mbed.ar(mbed_pinmap_common.o)(i.pinmap_pinout) for pinmap_pinout
    mbed/TARGET_LPC1768/TOOLCHAIN_ARM_STD/analogin_api.o(i.analogin_init) refers to mbed/TARGET_LPC1768/TOOLCHAIN_ARM_STD/analogin_api.o(.constdata) for .constdata
    mbed/TARGET_LPC1768/TOOLCHAIN_ARM_STD/analogin_api.o(i.analogin_init) refers to mbed/TARGET_LPC1768/TOOLCHAIN_ARM_STD/analogin_api.o(.conststring) for .conststring
    mbed/TARGET_LPC1768/TOOLCHAIN_ARM_STD/analogin_api.o(i.analogin_init) refers to mbed/TARGET_LPC1768/TOOLCHAIN_ARM_STD/system_LPC17xx.o(.data) for SystemCoreClock
    mbed/TARGET_LPC1768/TOOLCHAIN_ARM_STD/analogin_api.o(i.analogin_read) refers to C:\Keil_v5\ARM\ARMCC\Bin\..\lib\armlib\fz_ws.l(fflt_clz.o)(x$fpl$ffltu) for __aeabi_ui2f
    mbed/TARGET_LPC1768/TOOLCHAIN_ARM_STD/analogin_api.o(i.analogin_read) refers to C:\Keil_v5\ARM\ARMCC\Bin\..\lib\armlib\fz_ws.l(fmul.o)(x$fpl$fmul) for __aeabi_fmul
    mbed/TARGET_LPC1768/TOOLCHAIN_ARM_STD/analogout_api.o(i.analogout_init) refers to mbed/TARGET_LPC1768/TOOLCHAIN_ARM_STD/mbed.ar(mbed_pinmap_common.o)(i.pinmap_peripheral) for pinmap_peripheral
    mbed/TARGET_LPC1768/TOOLCHAIN_ARM_STD/analogout_api.o(i.analogout_init) refers to mbed/TARGET_LPC1768/TOOLCHAIN_ARM_STD/mbed.ar(mbed_assert.o)(i.mbed_assert_internal) for mbed_assert_internal
    mbed/TARGET_LPC1768/TOOLCHAIN_ARM_STD/analogout_api.o(i.analogout_init) refers to mbed/TARGET_LPC1768/TOOLCHAIN_ARM_STD/mbed.ar(mbed_pinmap_common.o)(i.pinmap_pinout) for pinmap_pinout
    mbed/TARGET_LPC1768/TOOLCHAIN_ARM_STD/analogout_api.o(i.analogout_init) refers to mbed/TARGET_LPC1768/TOOLCHAIN_ARM_STD/analogout_api.o(.constdata) for .constdata
    mbed/TARGET_LPC1768/TOOLCHAIN_ARM_STD/analogout_api.o(i.analogout_init) refers to mbed/TARGET_LPC1768/TOOLCHAIN_ARM_STD/analogout_api.o(.conststring) for .conststring
    mbed/TARGET_LPC1768/TOOLCHAIN_ARM_STD/analogout_api.o(i.analogout_read) refers to C:\Keil_v5\ARM\ARMCC\Bin\..\lib\armlib\fz_ws.l(fflt_clz.o)(x$fpl$ffltu) for __aeabi_ui2f
    mbed/TARGET_LPC1768/TOOLCHAIN_ARM_STD/analogout_api.o(i.analogout_read) refers to C:\Keil_v5\ARM\ARMCC\Bin\..\lib\armlib\fz_ws.l(fmul.o)(x$fpl$fmul) for __aeabi_fmul
    mbed/TARGET_LPC1768/TOOLCHAIN_ARM_STD/analogout_api.o(i.analogout_write) refers to C:\Keil_v5\ARM\ARMCC\Bin\..\lib\armlib\fz_ws.l(fmul.o)(x$fpl$fmul) for __aeabi_fmul
    mbed/TARGET_LPC1768/TOOLCHAIN_ARM_STD/analogout_api.o(i.analogout_write) refers to C:\Keil_v5\ARM\ARMCC\Bin\..\lib\armlib\fz_ws.l(ffix.o)(x$fpl$ffix) for __aeabi_f2iz
    mbed/TARGET_LPC1768/TOOLCHAIN_ARM_STD/can_api.o(i.can_frequency) refers to mbed/TARGET_LPC1768/TOOLCHAIN_ARM_STD/system_LPC17xx.o(.data) for SystemCoreClock
    mbed/TARGET_LPC1768/TOOLCHAIN_ARM_STD/can_api.o(i.can_frequency) refers to mbed/TARGET_LPC1768/TOOLCHAIN_ARM_STD/can_api.o(.constdata) for .constdata
    mbed/TARGET_LPC1768/TOOLCHAIN_ARM_STD/can_api.o(i.can_init) refers to mbed/TARGET_LPC1768/TOOLCHAIN_ARM_STD/mbed.ar(mbed_pinmap_common.o)(i.pinmap_peripheral) for pinmap_peripheral
    mbed/TARGET_LPC1768/TOOLCHAIN_ARM_STD/can_api.o(i.can_init) refers to mbed/TARGET_LPC1768/TOOLCHAIN_ARM_STD/mbed.ar(mbed_pinmap_common.o)(i.pinmap_merge) for pinmap_merge
    mbed/TARGET_LPC1768/TOOLCHAIN_ARM_STD/can_api.o(i.can_init) refers to mbed/TARGET_LPC1768/TOOLCHAIN_ARM_STD/mbed.ar(mbed_assert.o)(i.mbed_assert_internal) for mbed_assert_internal
    mbed/TARGET_LPC1768/TOOLCHAIN_ARM_STD/can_api.o(i.can_init) refers to mbed/TARGET_LPC1768/TOOLCHAIN_ARM_STD/mbed.ar(mbed_pinmap_common.o)(i.pinmap_pinout) for pinmap_pinout
    mbed/TARGET_LPC1768/TOOLCHAIN_ARM_STD/can_api.o(i.can_init) refers to mbed/TARGET_LPC1768/TOOLCHAIN_ARM_STD/can_api.o(i.can_frequency) for can_frequency
    mbed/TARGET_LPC1768/TOOLCHAIN_ARM_STD/can_api.o(i.can_init) refers to mbed/TARGET_LPC1768/TOOLCHAIN_ARM_STD/can_api.o(.constdata) for .constdata
    mbed/TARGET_LPC1768/TOOLCHAIN_ARM_STD/can_api.o(i.can_init) refers to mbed/TARGET_LPC1768/TOOLCHAIN_ARM_STD/can_api.o(.conststring) for .conststring
    mbed/TARGET_LPC1768/TOOLCHAIN_ARM_STD/can_api.o(i.can_irq) refers to mbed/TARGET_LPC1768/TOOLCHAIN_ARM_STD/can_api.o(.data) for .data
[...]
    us_ticker_irq_handler                    0x00005d9d   Thumb Code     6  mbed/TARGET_LPC1768/TOOLCHAIN_ARM_STD/mbed.ar(mbed_us_ticker_api.o)(i.us_ticker_irq_handler)
    us_ticker_read                           0x00005da9   Thumb Code    74  mbed/TARGET_LPC1768/TOOLCHAIN_ARM_STD/us_ticker.o(i.us_ticker_read)
    us_ticker_set_interrupt                  0x00005e0d   Thumb Code    14  mbed/TARGET_LPC1768/TOOLCHAIN_ARM_STD/us_ticker.o(i.us_ticker_set_interrupt)
    wait                                     0x00005e21   Thumb Code    32  mbed/TARGET_LPC1768/TOOLCHAIN_ARM_STD/mbed.ar(mbed_wait_api_no_rtos.o)(i.wait)
    wait_ms                                  0x00005e45   Thumb Code    28  mbed/TARGET_LPC1768/TOOLCHAIN_ARM_STD/mbed.ar(mbed_wait_api_no_rtos.o)(i.wait_ms)
    _get_lc_numeric                          0x00005e61   Thumb Code    44  C:\Keil_v5\ARM\ARMCC\Bin\..\lib\armlib\c_w.l(lc_numeric_c.o)(locale$$code)
    _get_lc_ctype                            0x00005e8d   Thumb Code    44  C:\Keil_v5\ARM\ARMCC\Bin\..\lib\armlib\c_w.l(lc_ctype_c.o)(locale$$code)
    SingletonPtr<PlatformMutex>::operator ->() 0x00005eb9   Thumb Code    36  mbed/TARGET_LPC1768/TOOLCHAIN_ARM_STD/mbed.ar(FileBase.o)(t._ZN12SingletonPtrI13PlatformMutexEptEv)
    void mbed::Callback<void()>::function_call<void(*)()>(const void*) 0x00005ee5   Thumb Code    10  .\build\main.o(t._ZN4mbed8CallbackIFvvEE13function_callIPS1_EEvPKv)
    void mbed::Callback<void()>::function_dtor<void(*)()>(void*) 0x00005eef   Thumb Code     2  .\build\main.o(t._ZN4mbed8CallbackIFvvEE13function_dtorIPS1_EEvPv)
    void mbed::Callback<void()>::function_move<void(*)()>(void*, const void*) 0x00005ef1   Thumb Code    14  .\build\main.o(t._ZN4mbed8CallbackIFvvEE13function_moveIPS1_EEvPvPKv)
    mbed::Callback<void()>::Callback(void(*)()) 0x00005f01   Thumb Code    34  .\build\main.o(t._ZN4mbed8CallbackIFvvEEC1EPS1_)
    mbed::Callback<void()>::Callback__sub_object(void(*)()) 0x00005f01   Thumb Code     0  .\build\main.o(t._ZN4mbed8CallbackIFvvEEC1EPS1_)
    mbed::Callback<void()>::Callback(const mbed::Callback<void()>&) 0x00005f29   Thumb Code    28  .\build\thread.o(t._ZN4mbed8CallbackIFvvEEC1ERKS2_)
    mbed::Callback<void()>::Callback__sub_object(const mbed::Callback<void()>&) 0x00005f29   Thumb Code     0  .\build\thread.o(t._ZN4mbed8CallbackIFvvEEC1ERKS2_)
    mbed::Callback<void()>::~Callback()      0x00005f45   Thumb Code    20  .\build\rtostimer.o(t._ZN4mbed8CallbackIFvvEED1Ev)
    mbed::Callback<void()>::~Callback__sub_object() 0x00005f45   Thumb Code     0  .\build\rtostimer.o(t._ZN4mbed8CallbackIFvvEED1Ev)
    __aeabi_f2iz                             0x00005f59   Thumb Code     0  C:\Keil_v5\ARM\ARMCC\Bin\..\lib\armlib\fz_ws.l(ffix.o)(x$fpl$ffix)
    _ffix                                    0x00005f59   Thumb Code    54  C:\Keil_v5\ARM\ARMCC\Bin\..\lib\armlib\fz_ws.l(ffix.o)(x$fpl$ffix)
    __aeabi_f2uiz                            0x00005f91   Thumb Code     0  C:\Keil_v5\ARM\ARMCC\Bin\..\lib\armlib\fz_ws.l(ffixu.o)(x$fpl$ffixu)
    _ffixu                                   0x00005f91   Thumb Code    62  C:\Keil_v5\ARM\ARMCC\Bin\..\lib\armlib\fz_ws.l(ffixu.o)(x$fpl$ffixu)
    __aeabi_fmul                             0x00005fd1   Thumb Code     0  C:\Keil_v5\ARM\ARMCC\Bin\..\lib\armlib\fz_ws.l(fmul.o)(x$fpl$fmul)
    _fmul                                    0x00005fd1   Thumb Code   258  C:\Keil_v5\ARM\ARMCC\Bin\..\lib\armlib\fz_ws.l(fmul.o)(x$fpl$fmul)
    __fpl_fnaninf                            0x000060d3   Thumb Code   140  C:\Keil_v5\ARM\ARMCC\Bin\..\lib\armlib\fz_ws.l(fnaninf.o)(x$fpl$fnaninf)
    __fpl_fretinf                            0x0000615f   Thumb Code    10  C:\Keil_v5\ARM\ARMCC\Bin\..\lib\armlib\fz_ws.l(fretinf.o)(x$fpl$fretinf)
    _printf_fp_dec                           0x00006169   Thumb Code     4  C:\Keil_v5\ARM\ARMCC\Bin\..\lib\armlib\fz_ws.l(printf1.o)(x$fpl$printf1)
    _printf_fp_hex                           0x0000616d   Thumb Code     4  C:\Keil_v5\ARM\ARMCC\Bin\..\lib\armlib\fz_ws.l(printf2.o)(x$fpl$printf2)
    __I$use$fp                               0x00006170   Number         0  C:\Keil_v5\ARM\ARMCC\Bin\..\lib\armlib\fz_ws.l(usenofp.o)(x$fpl$usenofp)
    __stdin_name                             0x00006170   Data           7  mbed/TARGET_LPC1768/TOOLCHAIN_ARM_STD/retarget.o(.constdata)
    __stdout_name                            0x00006177   Data           8  mbed/TARGET_LPC1768/TOOLCHAIN_ARM_STD/retarget.o(.constdata)
    __stderr_name                            0x0000617f   Data           8  mbed/TARGET_LPC1768/TOOLCHAIN_ARM_STD/retarget.o(.constdata)
    os_mutex_def_osThreadMutex               0x000062a8   Data           4  .\build\rt_cmsis.o(.constdata)
    os_maxtaskrun                            0x000062ac   Data           2  .\build\rtx_conf_cm.o(.constdata)
    os_stackinfo                             0x000062b0   Data           4  .\build\rtx_conf_cm.o(.constdata)
    os_rrobin                                0x000062b4   Data           4  .\build\rtx_conf_cm.o(.constdata)
    os_tickfreq                              0x000062b8   Data           4  .\build\rtx_conf_cm.o(.constdata)
    os_tickus_i                              0x000062bc   Data           2  .\build\rtx_conf_cm.o(.constdata)
    os_tickus_f                              0x000062be   Data           2  .\build\rtx_conf_cm.o(.constdata)
    os_trv                                   0x000062c0   Data           4  .\build\rtx_conf_cm.o(.constdata)
    os_flags                                 0x000062c4   Data           1  .\build\rtx_conf_cm.o(.constdata)
    CMSIS_RTOS_API_Version                   0x000062c8   Data           4  .\build\rtx_conf_cm.o(.constdata)
    CMSIS_RTOS_RTX_Version                   0x000062cc   Data           4  .\build\rtx_conf_cm.o(.constdata)
    os_clockrate                             0x000062d0   Data           4  .\build\rtx_conf_cm.o(.constdata)
    os_timernum                              0x000062d4   Data           4  .\build\rtx_conf_cm.o(.constdata)
    mp_tcb_size                              0x000062d8   Data           2  .\build\rtx_conf_cm.o(.constdata)
    mp_stk_size                              0x000062dc   Data           4  .\build\rtx_conf_cm.o(.constdata)
    os_fifo_size                             0x000062e0   Data           1  .\build\rtx_conf_cm.o(.constdata)
    os_thread_def_osTimerThread              0x000062e4   Data          20  .\build\rtx_conf_cm.o(.constdata)
    os_messageQ_def_osTimerMessageQ          0x000062f8   Data           8  .\build\rtx_conf_cm.o(.constdata)
    mp_tmr_size                              0x00006300   Data           2  .\build\rtx_conf_cm.o(.constdata)
    os_mutex_def_singleton_mutex             0x00006304   Data           4  .\build\rtx_conf_cm.o(.constdata)
    vtable for mbed::TimerEvent              0x00006420   Data          20  mbed/TARGET_LPC1768/TOOLCHAIN_ARM_STD/mbed.ar(TimerEvent.o)(.constdata__ZTVN4mbed10TimerEventE)
    vtable for mbed::Ticker                  0x00006434   Data          20  mbed/TARGET_LPC1768/TOOLCHAIN_ARM_STD/mbed.ar(Ticker.o)(.constdata__ZTVN4mbed6TickerE)
    SingletonPtr<PlatformMutex>::get()::string 0x00006448   Data          20  mbed/TARGET_LPC1768/TOOLCHAIN_ARM_STD/retarget.o(.constdata__ZZN12SingletonPtrI13PlatformMutexE3getEvEs)
    SingletonPtr<PlatformMutex>::get()::string (instance 2) 0x0000645c   Data          77  mbed/TARGET_LPC1768/TOOLCHAIN_ARM_STD/retarget.o(.constdata__ZZN12SingletonPtrI13PlatformMutexE3getEvEs_0)
    void mbed::Callback<void()>::generate<void(*)()>(const T1&)::ops 0x000064ac   Data          12  .\build\main.o(.constdata__ZZN4mbed8CallbackIFvvEE8generateIPS1_EEvRKT_E3ops)
    mbed::Callback<void()>::call() const::string 0x000064b8   Data           5  mbed/TARGET_LPC1768/TOOLCHAIN_ARM_STD/mbed.ar(Ticker.o)(.constdata__ZZNK4mbed8CallbackIFvvEE4callEvEs)
    mbed::Callback<void()>::call() const::string (instance 2) 0x000064bd   Data          73  mbed/TARGET_LPC1768/TOOLCHAIN_ARM_STD/mbed.ar(Ticker.o)(.constdata__ZZNK4mbed8CallbackIFvvEE4callEvEs_0)
    Region$$Table$$Base                      0x000066c4   Number         0  anon$$obj.o(Region$$Table)
    Region$$Table$$Limit                     0x000066e4   Number         0  anon$$obj.o(Region$$Table)
    __ctype                                  0x0000670d   Data           0  C:\Keil_v5\ARM\ARMCC\Bin\..\lib\armlib\c_w.l(lc_ctype_c.o)(locale$$data)
    SHT$$INIT_ARRAY$$Base                    0x00006810   Number         0  .\build\main.o(.init_array)
    SHT$$INIT_ARRAY$$Limit                   0x00006814   Number         0  C:\Keil_v5\ARM\ARMCC\Bin\..\lib\armlib\c_w.l(init_aeabi.o)(.init_array)
    stdio_uart_inited                        0x100000d0   Data           4  mbed/TARGET_LPC1768/TOOLCHAIN_ARM_STD/serial_api.o(.data)
    stdio_uart                               0x100000d8   Data           8  mbed/TARGET_LPC1768/TOOLCHAIN_ARM_STD/serial_api.o(.data)
    SystemCoreClock                          0x100000e0   Data           4  mbed/TARGET_LPC1768/TOOLCHAIN_ARM_STD/system_LPC17xx.o(.data)
    us_ticker_inited                         0x100000e4   Data           4  mbed/TARGET_LPC1768/TOOLCHAIN_ARM_STD/us_ticker.o(.data)
    osMutexId_osThreadMutex                  0x100000e8   Data           4  .\build\rt_cmsis.o(.data)
    os_initialized                           0x100000ec   Data           1  .\build\rt_cmsis.o(.data)
    os_running                               0x100000ed   Data           1  .\build\rt_cmsis.o(.data)
    os_timer_head                            0x100000f0   Data           4  .\build\rt_cmsis.o(.data)
    osEventObs                               0x100000f8   Data           4  .\build\rt_oseventobserver.o(.data)
    os_robin                                 0x10000100   Data           8  .\build\rt_robin.o(.data)
    os_tick_irqn                             0x10000108   Data           4  .\build\rt_system.o(.data)
    os_tsk                                   0x10000110   Data           8  .\build\rt_task.o(.data)
    os_time                                  0x10000118   Data           4  .\build\rt_time.o(.data)
    osThreadId_osTimerThread                 0x10000120   Data           4  .\build\rtx_conf_cm.o(.data)
    osMessageQId_osTimerMessageQ             0x10000124   Data           4  .\build\rtx_conf_cm.o(.data)
    os_tmr                                   0x10000128   Data           4  .\build\rtx_conf_cm.o(.data)
    m_tmr                                    0x1000012c   Data           4  .\build\rtx_conf_cm.o(.data)
    singleton_mutex_id                       0x10000130   Data           4  .\build\rtx_conf_cm.o(.data)
    os_thread_def_main                       0x10000138   Data          20  .\build\rtx_conf_cm.o(.data)
    armcc_heap_base                          0x1000014c   Data           4  .\build\rtx_conf_cm.o(.data)
    armcc_heap_top                           0x10000150   Data           4  .\build\rtx_conf_cm.o(.data)
    mbed::FileBase::_head                    0x10000168   Data           4  mbed/TARGET_LPC1768/TOOLCHAIN_ARM_STD/mbed.ar(FileBase.o)(.data)
    mbed::FileBase::_mutex                   0x1000016c   Data           8  mbed/TARGET_LPC1768/TOOLCHAIN_ARM_STD/mbed.ar(FileBase.o)(.data)
    __aeabi_stdin                            0x10000174   Data           4  C:\Keil_v5\ARM\ARMCC\Bin\..\lib\armlib\c_w.l(stdio_streams.o)(.data)
    __aeabi_stdout                           0x10000178   Data           4  C:\Keil_v5\ARM\ARMCC\Bin\..\lib\armlib\c_w.l(stdio_streams.o)(.data)
    __aeabi_stderr                           0x1000017c   Data           4  C:\Keil_v5\ARM\ARMCC\Bin\..\lib\armlib\c_w.l(stdio_streams.o)(.data)
    _stream_list_lock                        0x10000180   Data           4  C:\Keil_v5\ARM\ARMCC\Bin\..\lib\armlib\c_w.l(streamlock.o)(.data)
    os_mutex_cb_osThreadMutex                0x100002a4   Data          16  .\build\rt_cmsis.o(.bss)
    os_rdy                                   0x100002b4   Data          24  .\build\rt_list.o(.bss)
    os_dly                                   0x100002cc   Data          24  .\build\rt_list.o(.bss)
    os_idle_TCB                              0x100002e4   Data          64  .\build\rt_task.o(.bss)
    mp_tcb                                   0x10000328   Data         972  .\build\rtx_conf_cm.o(.bss)
    mp_stk                                   0x100006f8   Data         528  .\build\rtx_conf_cm.o(.bss)
    os_fifo                                  0x10000908   Data         132  .\build\rtx_conf_cm.o(.bss)
    os_active_TCB                            0x1000098c   Data          60  .\build\rtx_conf_cm.o(.bss)
    os_thread_def_stack_osTimerThread        0x100009c8   Data         800  .\build\rtx_conf_cm.o(.bss)
    os_messageQ_q_osTimerMessageQ            0x10000ce8   Data          32  .\build\rtx_conf_cm.o(.bss)
    os_mutex_cb_singleton_mutex              0x10000d08   Data          16  .\build\rtx_conf_cm.o(.bss)
    flipper                                  0x10001378   Data          40  .\build\main.o(.bss)
    led1                                     0x100013a0   Data          24  .\build\main.o(.bss)
    led2                                     0x100013b8   Data          24  .\build\main.o(.bss)
    __libspace_start                         0x100013d0   Data          96  C:\Keil_v5\ARM\ARMCC\Bin\..\lib\armlib\c_w.l(libspace.o)(.bss)
    __stdin                                  0x10001430   Data          84  C:\Keil_v5\ARM\ARMCC\Bin\..\lib\armlib\c_w.l(stdio_streams.o)(.bss)
    __temporary_stack_top$libspace           0x10001430   Data           0  C:\Keil_v5\ARM\ARMCC\Bin\..\lib\armlib\c_w.l(libspace.o)(.bss)
    __stdout                                 0x10001484   Data          84  C:\Keil_v5\ARM\ARMCC\Bin\..\lib\armlib\c_w.l(stdio_streams.o)(.bss)
    __stderr                                 0x100014d8   Data          84  C:\Keil_v5\ARM\ARMCC\Bin\..\lib\armlib\c_w.l(stdio_streams.o)(.bss)
    Image$$RW_IRAM1$$ZI$$Limit               0x1000152c   Number         0  anon$$obj.o ABSOLUTE



==============================================================================

Memory Map of the image

  Image Entry point : 0x000000c5

  Load Region LR_IROM1 (Base: 0x00000000, Size: 0x000068d0, Max: 0x00080000, ABSOLUTE)

    Execution Region ER_IROM1 (Exec base: 0x00000000, Load base: 0x00000000, Size: 0x00006814, Max: 0x00080000, ABSOLUTE)

    Exec Addr    Load Addr    Size         Type   Attr      Idx    E Section Name        Object

    0x00000000   0x00000000   0x000000c4   Data   RO          517    RESET               mbed/TARGET_LPC1768/TOOLCHAIN_ARM_STD/startup_LPC17xx.o
    0x000000c4   0x000000c4   0x00000008   Code   RO         3446  * !!!main             C:\Keil_v5\ARM\ARMCC\Bin\..\lib\armlib\c_w.l(__main.o)
    0x000000cc   0x000000cc   0x00000034   Code   RO         4061    !!!scatter          C:\Keil_v5\ARM\ARMCC\Bin\..\lib\armlib\c_w.l(__scatter.o)
    0x00000100   0x00000100   0x0000001a   Code   RO         4063    !!handler_copy      C:\Keil_v5\ARM\ARMCC\Bin\..\lib\armlib\c_w.l(__scatter_copy.o)
    0x0000011a   0x0000011a   0x00000002   PAD
    0x0000011c   0x0000011c   0x0000001c   Code   RO         4065    !!handler_zi        C:\Keil_v5\ARM\ARMCC\Bin\..\lib\armlib\c_w.l(__scatter_zi.o)
    0x00000138   0x00000138   0x00000000   Code   RO         3711    .ARM.Collect$$_printf_percent$$00000000  C:\Keil_v5\ARM\ARMCC\Bin\..\lib\armlib\c_w.l(_printf_percent.o)
    0x00000138   0x00000138   0x00000006   Code   RO         3700    .ARM.Collect$$_printf_percent$$00000001  C:\Keil_v5\ARM\ARMCC\Bin\..\lib\armlib\c_w.l(_printf_n.o)
    0x0000013e   0x0000013e   0x00000006   Code   RO         3702    .ARM.Collect$$_printf_percent$$00000002  C:\Keil_v5\ARM\ARMCC\Bin\..\lib\armlib\c_w.l(_printf_p.o)
    0x00000144   0x00000144   0x00000006   Code   RO         3707    .ARM.Collect$$_printf_percent$$00000003  C:\Keil_v5\ARM\ARMCC\Bin\..\lib\armlib\c_w.l(_printf_f.o)
    0x0000014a   0x0000014a   0x00000006   Code   RO         3708    .ARM.Collect$$_printf_percent$$00000004  C:\Keil_v5\ARM\ARMCC\Bin\..\lib\armlib\c_w.l(_printf_e.o)
    0x00000150   0x00000150   0x00000006   Code   RO         3709    .ARM.Collect$$_printf_percent$$00000005  C:\Keil_v5\ARM\ARMCC\Bin\..\lib\armlib\c_w.l(_printf_g.o)
    0x00000156   0x00000156   0x00000006   Code   RO         3710    .ARM.Collect$$_printf_percent$$00000006  C:\Keil_v5\ARM\ARMCC\Bin\..\lib\armlib\c_w.l(_printf_a.o)
    0x0000015c   0x0000015c   0x0000000a   Code   RO         3715    .ARM.Collect$$_printf_percent$$00000007  C:\Keil_v5\ARM\ARMCC\Bin\..\lib\armlib\c_w.l(_printf_ll.o)
    0x00000166   0x00000166   0x00000006   Code   RO         3704    .ARM.Collect$$_printf_percent$$00000008  C:\Keil_v5\ARM\ARMCC\Bin\..\lib\armlib\c_w.l(_printf_i.o)
    0x0000016c   0x0000016c   0x00000006   Code   RO         3705    .ARM.Collect$$_printf_percent$$00000009  C:\Keil_v5\ARM\ARMCC\Bin\..\lib\armlib\c_w.l(_printf_d.o)
    0x00000172   0x00000172   0x00000006   Code   RO         3706    .ARM.Collect$$_printf_percent$$0000000A  C:\Keil_v5\ARM\ARMCC\Bin\..\lib\armlib\c_w.l(_printf_u.o)
    0x00000178   0x00000178   0x00000006   Code   RO         3703    .ARM.Collect$$_printf_percent$$0000000B  C:\Keil_v5\ARM\ARMCC\Bin\..\lib\armlib\c_w.l(_printf_o.o)
    0x0000017e   0x0000017e   0x00000006   Code   RO         3701    .ARM.Collect$$_printf_percent$$0000000C  C:\Keil_v5\ARM\ARMCC\Bin\..\lib\armlib\c_w.l(_printf_x.o)
    0x00000184   0x00000184   0x00000006   Code   RO         3712    .ARM.Collect$$_printf_percent$$0000000D  C:\Keil_v5\ARM\ARMCC\Bin\..\lib\armlib\c_w.l(_printf_lli.o)
    0x0000018a   0x0000018a   0x00000006   Code   RO         3713    .ARM.Collect$$_printf_percent$$0000000E  C:\Keil_v5\ARM\ARMCC\Bin\..\lib\armlib\c_w.l(_printf_lld.o)
    0x00000190   0x00000190   0x00000006   Code   RO         3714    .ARM.Collect$$_printf_percent$$0000000F  C:\Keil_v5\ARM\ARMCC\Bin\..\lib\armlib\c_w.l(_printf_llu.o)
    0x00000196   0x00000196   0x00000006   Code   RO         3719    .ARM.Collect$$_printf_percent$$00000010  C:\Keil_v5\ARM\ARMCC\Bin\..\lib\armlib\c_w.l(_printf_llo.o)
    0x0000019c   0x0000019c   0x00000006   Code   RO         3720    .ARM.Collect$$_printf_percent$$00000011  C:\Keil_v5\ARM\ARMCC\Bin\..\lib\armlib\c_w.l(_printf_llx.o)
    0x000001a2   0x000001a2   0x0000000a   Code   RO         3716    .ARM.Collect$$_printf_percent$$00000012  C:\Keil_v5\ARM\ARMCC\Bin\..\lib\armlib\c_w.l(_printf_l.o)
    0x000001ac   0x000001ac   0x00000006   Code   RO         3698    .ARM.Collect$$_printf_percent$$00000013  C:\Keil_v5\ARM\ARMCC\Bin\..\lib\armlib\c_w.l(_printf_c.o)
    0x000001b2   0x000001b2   0x00000006   Code   RO         3699    .ARM.Collect$$_printf_percent$$00000014  C:\Keil_v5\ARM\ARMCC\Bin\..\lib\armlib\c_w.l(_printf_s.o)
    0x000001b8   0x000001b8   0x00000006   Code   RO         3717    .ARM.Collect$$_printf_percent$$00000015  C:\Keil_v5\ARM\ARMCC\Bin\..\lib\armlib\c_w.l(_printf_lc.o)
    0x000001be   0x000001be   0x00000006   Code   RO         3718    .ARM.Collect$$_printf_percent$$00000016  C:\Keil_v5\ARM\ARMCC\Bin\..\lib\armlib\c_w.l(_printf_ls.o)
    0x000001c4   0x000001c4   0x00000004   Code   RO         3869    .ARM.Collect$$_printf_percent$$00000017  C:\Keil_v5\ARM\ARMCC\Bin\..\lib\armlib\c_w.l(_printf_percent_end.o)
    0x000001c8   0x000001c8   0x00000002   Code   RO         3445    .ARM.Collect$$libinit$$00000000  C:\Keil_v5\ARM\ARMCC\Bin\..\lib\armlib\c_w.l(libinit.o)
    0x000001ca   0x000001ca   0x00000000   Code   RO         3756    .ARM.Collect$$libinit$$00000002  C:\Keil_v5\ARM\ARMCC\Bin\..\lib\armlib\c_w.l(libinit2.o)
    0x000001ca   0x000001ca   0x00000000   Code   RO         3758    .ARM.Collect$$libinit$$00000004  C:\Keil_v5\ARM\ARMCC\Bin\..\lib\armlib\c_w.l(libinit2.o)
    0x000001ca   0x000001ca   0x00000008   Code   RO         3759    .ARM.Collect$$libinit$$00000005  C:\Keil_v5\ARM\ARMCC\Bin\..\lib\armlib\c_w.l(libinit2.o)
    0x000001d2   0x000001d2   0x00000000   Code   RO         3761    .ARM.Collect$$libinit$$0000000A  C:\Keil_v5\ARM\ARMCC\Bin\..\lib\armlib\c_w.l(libinit2.o)
    0x000001d2   0x000001d2   0x00000000   Code   RO         3763    .ARM.Collect$$libinit$$0000000C  C:\Keil_v5\ARM\ARMCC\Bin\..\lib\armlib\c_w.l(libinit2.o)
    0x000001d2   0x000001d2   0x00000000   Code   RO         3765    .ARM.Collect$$libinit$$0000000E  C:\Keil_v5\ARM\ARMCC\Bin\..\lib\armlib\c_w.l(libinit2.o)
    0x000001d2   0x000001d2   0x00000006   Code   RO         3766    .ARM.Collect$$libinit$$0000000F  C:\Keil_v5\ARM\ARMCC\Bin\..\lib\armlib\c_w.l(libinit2.o)
    0x000001d8   0x000001d8   0x00000000   Code   RO         3768    .ARM.Collect$$libinit$$00000011  C:\Keil_v5\ARM\ARMCC\Bin\..\lib\armlib\c_w.l(libinit2.o)
    0x000001d8   0x000001d8   0x0000000c   Code   RO         3769    .ARM.Collect$$libinit$$00000012  C:\Keil_v5\ARM\ARMCC\Bin\..\lib\armlib\c_w.l(libinit2.o)
    0x000001e4   0x000001e4   0x00000000   Code   RO         3770    .ARM.Collect$$libinit$$00000013  C:\Keil_v5\ARM\ARMCC\Bin\..\lib\armlib\c_w.l(libinit2.o)
    0x000001e4   0x000001e4   0x00000000   Code   RO         3772    .ARM.Collect$$libinit$$00000015  C:\Keil_v5\ARM\ARMCC\Bin\..\lib\armlib\c_w.l(libinit2.o)
    0x000001e4   0x000001e4   0x0000000a   Code   RO         3773    .ARM.Collect$$libinit$$00000016  C:\Keil_v5\ARM\ARMCC\Bin\..\lib\armlib\c_w.l(libinit2.o)
    0x000001ee   0x000001ee   0x00000000   Code   RO         3774    .ARM.Collect$$libinit$$00000017  C:\Keil_v5\ARM\ARMCC\Bin\..\lib\armlib\c_w.l(libinit2.o)
    0x000001ee   0x000001ee   0x00000000   Code   RO         3776    .ARM.Collect$$libinit$$00000019  C:\Keil_v5\ARM\ARMCC\Bin\..\lib\armlib\c_w.l(libinit2.o)
    0x000001ee   0x000001ee   0x00000000   Code   RO         3778    .ARM.Collect$$libinit$$0000001B  C:\Keil_v5\ARM\ARMCC\Bin\..\lib\armlib\c_w.l(libinit2.o)
    0x000001ee   0x000001ee   0x00000000   Code   RO         3780    .ARM.Collect$$libinit$$0000001D  C:\Keil_v5\ARM\ARMCC\Bin\..\lib\armlib\c_w.l(libinit2.o)
    0x000001ee   0x000001ee   0x00000000   Code   RO         3782    .ARM.Collect$$libinit$$0000001F  C:\Keil_v5\ARM\ARMCC\Bin\..\lib\armlib\c_w.l(libinit2.o)
    0x000001ee   0x000001ee   0x00000000   Code   RO         3784    .ARM.Collect$$libinit$$00000021  C:\Keil_v5\ARM\ARMCC\Bin\..\lib\armlib\c_w.l(libinit2.o)
    0x000001ee   0x000001ee   0x00000000   Code   RO         3786    .ARM.Collect$$libinit$$00000023  C:\Keil_v5\ARM\ARMCC\Bin\..\lib\armlib\c_w.l(libinit2.o)
    0x000001ee   0x000001ee   0x00000004   Code   RO         3787    .ARM.Collect$$libinit$$00000024  C:\Keil_v5\ARM\ARMCC\Bin\..\lib\armlib\c_w.l(libinit2.o)
    0x000001f2   0x000001f2   0x00000000   Code   RO         3788    .ARM.Collect$$libinit$$00000025  C:\Keil_v5\ARM\ARMCC\Bin\..\lib\armlib\c_w.l(libinit2.o)
    0x000001f2   0x000001f2   0x00000000   Code   RO         3792    .ARM.Collect$$libinit$$0000002C  C:\Keil_v5\ARM\ARMCC\Bin\..\lib\armlib\c_w.l(libinit2.o)
    0x000001f2   0x000001f2   0x00000000   Code   RO         3794    .ARM.Collect$$libinit$$0000002E  C:\Keil_v5\ARM\ARMCC\Bin\..\lib\armlib\c_w.l(libinit2.o)
    0x000001f2   0x000001f2   0x00000000   Code   RO         3796    .ARM.Collect$$libinit$$00000030  C:\Keil_v5\ARM\ARMCC\Bin\..\lib\armlib\c_w.l(libinit2.o)
    0x000001f2   0x000001f2   0x00000004   Code   RO         3797    .ARM.Collect$$libinit$$00000031  C:\Keil_v5\ARM\ARMCC\Bin\..\lib\armlib\c_w.l(libinit2.o)
    0x000001f6   0x000001f6   0x00000000   Code   RO         3798    .ARM.Collect$$libinit$$00000032  C:\Keil_v5\ARM\ARMCC\Bin\..\lib\armlib\c_w.l(libinit2.o)
    0x000001f6   0x000001f6   0x00000002   Code   RO         3799    .ARM.Collect$$libinit$$00000033  C:\Keil_v5\ARM\ARMCC\Bin\..\lib\armlib\c_w.l(libinit2.o)
    0x000001f8   0x000001f8   0x00000000   Code   RO         3916    .ARM.Collect$$libshutdown$$00000004  C:\Keil_v5\ARM\ARMCC\Bin\..\lib\armlib\c_w.l(libshutdown2.o)
    0x000001f8   0x000001f8   0x00000034   Code   RO         2309    .emb_text           .\build\rtx_conf_cm.o
    0x0000022c   0x0000022c   0x00000000   Code   RO         3846    .emb_text           C:\Keil_v5\ARM\ARMCC\Bin\..\lib\armlib\c_w.l(maybetermalloc1.o)
    0x0000022c   0x0000022c   0x00000024   Code   RO          519    .text               mbed/TARGET_LPC1768/TOOLCHAIN_ARM_STD/startup_LPC17xx.o
    0x00000250   0x00000250   0x00000008   Code   RO         3329    .text               C:\Keil_v5\ARM\ARMCC\Bin\..\lib\armlib\c_w.l(libspace.o)
    0x00000258   0x00000258   0x0000009e   Code   RO         3340    .text               C:\Keil_v5\ARM\ARMCC\Bin\..\lib\armlib\c_w.l(h1_alloc_mt.o)
    0x000002f6   0x000002f6   0x00000006   Code   RO         3443    .text               C:\Keil_v5\ARM\ARMCC\Bin\..\lib\armlib\c_w.l(heapauxi.o)
    0x000002fc   0x000002fc   0x00000004   Code   RO          518    .ARM.__at_0x02FC    mbed/TARGET_LPC1768/TOOLCHAIN_ARM_STD/startup_LPC17xx.o
    0x00000300   0x00000300   0x00000130   Code   RO          601    .emb_text           .\build\hal_cm3.o
    0x00000430   0x00000430   0x00000076   Code   RO         3342    .text               C:\Keil_v5\ARM\ARMCC\Bin\..\lib\armlib\c_w.l(h1_free_mt.o)
    0x000004a6   0x000004a6   0x00000002   PAD
    0x000004a8   0x000004a8   0x00000024   Code   RO         3396    .text               C:\Keil_v5\ARM\ARMCC\Bin\..\lib\armlib\c_w.l(vsprintf.o)
    0x000004cc   0x000004cc   0x0000003c   Code   RO         3398    .text               C:\Keil_v5\ARM\ARMCC\Bin\..\lib\armlib\c_w.l(__0sscanf.o)
    0x00000508   0x00000508   0x0000014c   Code   RO         3400    .text               C:\Keil_v5\ARM\ARMCC\Bin\..\lib\armlib\c_w.l(_scanf_int.o)
    0x00000654   0x00000654   0x00000090   Code   RO         3420    .text               C:\Keil_v5\ARM\ARMCC\Bin\..\lib\armlib\c_w.l(fflush_locked.o)
    0x000006e4   0x000006e4   0x0000003e   Code   RO         3422    .text               C:\Keil_v5\ARM\ARMCC\Bin\..\lib\armlib\c_w.l(strlen.o)
    0x00000722   0x00000722   0x00000096   Code   RO         3424    .text               C:\Keil_v5\ARM\ARMCC\Bin\..\lib\armlib\c_w.l(strncmp.o)
    0x000007b8   0x000007b8   0x00000064   Code   RO         3428    .text               C:\Keil_v5\ARM\ARMCC\Bin\..\lib\armlib\c_w.l(rt_memcpy_w.o)
    0x0000081c   0x0000081c   0x0000004e   Code   RO         3432    .text               C:\Keil_v5\ARM\ARMCC\Bin\..\lib\armlib\c_w.l(rt_memclr_w.o)
    0x0000086a   0x0000086a   0x00000002   PAD
    0x0000086c   0x0000086c   0x00000080   Code   RO         3436    .text               C:\Keil_v5\ARM\ARMCC\Bin\..\lib\armlib\c_w.l(strcmpv7m.o)
    0x000008ec   0x000008ec   0x00000024   Code   RO         3451    .text               C:\Keil_v5\ARM\ARMCC\Bin\..\lib\armlib\c_w.l(init_aeabi.o)
    0x00000910   0x00000910   0x0000000a   Code   RO         3608    .text               C:\Keil_v5\ARM\ARMCC\Bin\..\lib\armlib\c_w.l(rt_heap_descriptor_twolibspace.o)
    0x0000091a   0x0000091a   0x00000004   Code   RO         3610    .text               C:\Keil_v5\ARM\ARMCC\Bin\..\lib\armlib\c_w.l(hguard.o)
    0x0000091e   0x0000091e   0x0000008a   Code   RO         3612    .text               C:\Keil_v5\ARM\ARMCC\Bin\..\lib\armlib\c_w.l(init_alloc.o)
    0x000009a8   0x000009a8   0x00000012   Code   RO         3618    .text               C:\Keil_v5\ARM\ARMCC\Bin\..\lib\armlib\c_w.l(h1_init_mt.o)
    0x000009ba   0x000009ba   0x0000004e   Code   RO         3632    .text               C:\Keil_v5\ARM\ARMCC\Bin\..\lib\armlib\c_w.l(_printf_pad.o)
    0x00000a08   0x00000a08   0x00000024   Code   RO         3634    .text               C:\Keil_v5\ARM\ARMCC\Bin\..\lib\armlib\c_w.l(_printf_truncate.o)
    0x00000a2c   0x00000a2c   0x00000052   Code   RO         3636    .text               C:\Keil_v5\ARM\ARMCC\Bin\..\lib\armlib\c_w.l(_printf_str.o)
    0x00000a7e   0x00000a7e   0x00000002   PAD
    0x00000a80   0x00000a80   0x00000078   Code   RO         3638    .text               C:\Keil_v5\ARM\ARMCC\Bin\..\lib\armlib\c_w.l(_printf_dec.o)
    0x00000af8   0x00000af8   0x00000028   Code   RO         3640    .text               C:\Keil_v5\ARM\ARMCC\Bin\..\lib\armlib\c_w.l(_printf_charcount.o)
    0x00000b20   0x00000b20   0x00000030   Code   RO         3642    .text               C:\Keil_v5\ARM\ARMCC\Bin\..\lib\armlib\c_w.l(_printf_char_common.o)
    0x00000b50   0x00000b50   0x0000000a   Code   RO         3644    .text               C:\Keil_v5\ARM\ARMCC\Bin\..\lib\armlib\c_w.l(_sputc.o)
    0x00000b5a   0x00000b5a   0x00000002   PAD
    0x00000b5c   0x00000b5c   0x000000bc   Code   RO         3646    .text               C:\Keil_v5\ARM\ARMCC\Bin\..\lib\armlib\c_w.l(_printf_wctomb.o)
    0x00000c18   0x00000c18   0x0000007c   Code   RO         3649    .text               C:\Keil_v5\ARM\ARMCC\Bin\..\lib\armlib\c_w.l(_printf_longlong_dec.o)
    0x00000c94   0x00000c94   0x00000070   Code   RO         3655    .text               C:\Keil_v5\ARM\ARMCC\Bin\..\lib\armlib\c_w.l(_printf_oct_int_ll.o)
    0x00000d04   0x00000d04   0x00000094   Code   RO         3675    .text               C:\Keil_v5\ARM\ARMCC\Bin\..\lib\armlib\c_w.l(_printf_hex_int_ll_ptr.o)
    0x00000d98   0x00000d98   0x00000188   Code   RO         3695    .text               C:\Keil_v5\ARM\ARMCC\Bin\..\lib\armlib\c_w.l(__printf_flags_ss_wp.o)
    0x00000f20   0x00000f20   0x0000001c   Code   RO         3721    .text               C:\Keil_v5\ARM\ARMCC\Bin\..\lib\armlib\c_w.l(_chval.o)
    0x00000f3c   0x00000f3c   0x0000002c   Code   RO         3723    .text               C:\Keil_v5\ARM\ARMCC\Bin\..\lib\armlib\c_w.l(scanf_char.o)
    0x00000f68   0x00000f68   0x00000040   Code   RO         3725    .text               C:\Keil_v5\ARM\ARMCC\Bin\..\lib\armlib\c_w.l(_sgetc.o)
    0x00000fa8   0x00000fa8   0x000000f8   Code   RO         3731    .text               C:\Keil_v5\ARM\ARMCC\Bin\..\lib\armlib\c_w.l(fseek.o)
    0x000010a0   0x000010a0   0x000000f0   Code   RO         3735    .text               C:\Keil_v5\ARM\ARMCC\Bin\..\lib\armlib\c_w.l(stdio.o)
    0x00001190   0x00001190   0x00000068   Code   RO         3742    .text               C:\Keil_v5\ARM\ARMCC\Bin\..\lib\armlib\c_w.l(setvbuf_locked.o)
    0x000011f8   0x000011f8   0x000001c8   Code   RO         3744    .text               C:\Keil_v5\ARM\ARMCC\Bin\..\lib\armlib\c_w.l(initio_locked.o)
    0x000013c0   0x000013c0   0x0000000e   Code   RO         3746    .text               C:\Keil_v5\ARM\ARMCC\Bin\..\lib\armlib\c_w.l(defsig_pvfn_outer.o)
    0x000013ce   0x000013ce   0x0000003e   Code   RO         3850    .text               C:\Keil_v5\ARM\ARMCC\Bin\..\lib\armlib\c_w.l(h1_extend_mt.o)
    0x0000140c   0x0000140c   0x0000008a   Code   RO         3852    .text               C:\Keil_v5\ARM\ARMCC\Bin\..\lib\armlib\c_w.l(lludiv10.o)
    0x00001496   0x00001496   0x00000012   Code   RO         3854    .text               C:\Keil_v5\ARM\ARMCC\Bin\..\lib\armlib\c_w.l(isspace.o)
    0x000014a8   0x000014a8   0x000000b2   Code   RO         3856    .text               C:\Keil_v5\ARM\ARMCC\Bin\..\lib\armlib\c_w.l(_printf_intcommon.o)
    0x0000155a   0x0000155a   0x0000041e   Code   RO         3858    .text               C:\Keil_v5\ARM\ARMCC\Bin\..\lib\armlib\c_w.l(_printf_fp_dec.o)
    0x00001978   0x00001978   0x000002fc   Code   RO         3860    .text               C:\Keil_v5\ARM\ARMCC\Bin\..\lib\armlib\c_w.l(_printf_fp_hex.o)
    0x00001c74   0x00001c74   0x0000002c   Code   RO         3865    .text               C:\Keil_v5\ARM\ARMCC\Bin\..\lib\armlib\c_w.l(_printf_char.o)
    0x00001ca0   0x00001ca0   0x0000002c   Code   RO         3867    .text               C:\Keil_v5\ARM\ARMCC\Bin\..\lib\armlib\c_w.l(_printf_wchar.o)
    0x00001ccc   0x00001ccc   0x00000374   Code   RO         3870    .text               C:\Keil_v5\ARM\ARMCC\Bin\..\lib\armlib\c_w.l(_scanf.o)
    0x00002040   0x00002040   0x00000042   Code   RO         3872    .text               C:\Keil_v5\ARM\ARMCC\Bin\..\lib\armlib\c_w.l(ftell.o)
    0x00002082   0x00002082   0x0000004c   Code   RO         3880    .text               C:\Keil_v5\ARM\ARMCC\Bin\..\lib\armlib\c_w.l(fclose.o)
    0x000020ce   0x000020ce   0x00000002   PAD
    0x000020d0   0x000020d0   0x00000144   Code   RO         3888    .text               C:\Keil_v5\ARM\ARMCC\Bin\..\lib\armlib\c_w.l(fopen_locked.o)
    0x00002214   0x00002214   0x00000040   Code   RO         3894    .text               C:\Keil_v5\ARM\ARMCC\Bin\..\lib\armlib\c_w.l(_wcrtomb.o)
    0x00002254   0x00002254   0x0000000a   Code   RO         3896    .text               C:\Keil_v5\ARM\ARMCC\Bin\..\lib\armlib\c_w.l(defsig_exit.o)
    0x0000225e   0x0000225e   0x0000000e   Code   RO         3898    .text               C:\Keil_v5\ARM\ARMCC\Bin\..\lib\armlib\c_w.l(defsig_rtred_outer.o)
    0x0000226c   0x0000226c   0x0000000e   Code   RO         3902    .text               C:\Keil_v5\ARM\ARMCC\Bin\..\lib\armlib\c_w.l(defsig_rtmem_outer.o)
    0x0000227a   0x0000227a   0x00000002   PAD
    0x0000227c   0x0000227c   0x00000030   Code   RO         3906    .text               C:\Keil_v5\ARM\ARMCC\Bin\..\lib\armlib\c_w.l(defsig_pvfn_inner.o)
    0x000022ac   0x000022ac   0x0000000c   Code   RO         3946    .text               C:\Keil_v5\ARM\ARMCC\Bin\..\lib\armlib\c_w.l(sys_exit.o)
    0x000022b8   0x000022b8   0x00000010   Code   RO         3948    .text               C:\Keil_v5\ARM\ARMCC\Bin\..\lib\armlib\c_w.l(rt_ctype_table.o)
    0x000022c8   0x000022c8   0x0000000a   Code   RO         3955    .text               C:\Keil_v5\ARM\ARMCC\Bin\..\lib\armlib\c_w.l(rt_locale_twolibspace.o)
    0x000022d2   0x000022d2   0x00000004   Code   RO         3969    .text               C:\Keil_v5\ARM\ARMCC\Bin\..\lib\armlib\c_w.l(rt_errno_addr_twolibspace.o)
    0x000022d6   0x000022d6   0x00000002   PAD
    0x000022d8   0x000022d8   0x00000080   Code   RO         3973    .text               C:\Keil_v5\ARM\ARMCC\Bin\..\lib\armlib\c_w.l(_printf_fp_infnan.o)
    0x00002358   0x00002358   0x000000e4   Code   RO         3975    .text               C:\Keil_v5\ARM\ARMCC\Bin\..\lib\armlib\c_w.l(bigflt0.o)
    0x0000243c   0x0000243c   0x00000032   Code   RO         4007    .text               C:\Keil_v5\ARM\ARMCC\Bin\..\lib\armlib\c_w.l(defsig_general.o)
    0x0000246e   0x0000246e   0x00000002   PAD
    0x00002470   0x00002470   0x00000034   Code   RO         4013    .text               C:\Keil_v5\ARM\ARMCC\Bin\..\lib\armlib\c_w.l(defsig_rtred_inner.o)
    0x000024a4   0x000024a4   0x00000050   Code   RO         4015    .text               C:\Keil_v5\ARM\ARMCC\Bin\..\lib\armlib\c_w.l(defsig_rtmem_inner.o)
    0x000024f4   0x000024f4   0x0000000e   Code   RO         4030    .text               C:\Keil_v5\ARM\ARMCC\Bin\..\lib\armlib\c_w.l(sys_wrch.o)
    0x00002502   0x00002502   0x00000002   Code   RO         4032    .text               C:\Keil_v5\ARM\ARMCC\Bin\..\lib\armlib\c_w.l(use_no_semi.o)
    0x00002504   0x00002504   0x00000000   Code   RO         4034    .text               C:\Keil_v5\ARM\ARMCC\Bin\..\lib\armlib\c_w.l(indicate_semi.o)
    0x00002504   0x00002504   0x0000003e   Code   RO         3978    CL$$btod_d2e        C:\Keil_v5\ARM\ARMCC\Bin\..\lib\armlib\c_w.l(btod.o)
    0x00002542   0x00002542   0x00000046   Code   RO         3980    CL$$btod_d2e_denorm_low  C:\Keil_v5\ARM\ARMCC\Bin\..\lib\armlib\c_w.l(btod.o)
    0x00002588   0x00002588   0x00000060   Code   RO         3979    CL$$btod_d2e_norm_op1  C:\Keil_v5\ARM\ARMCC\Bin\..\lib\armlib\c_w.l(btod.o)
    0x000025e8   0x000025e8   0x00000338   Code   RO         3988    CL$$btod_div_common  C:\Keil_v5\ARM\ARMCC\Bin\..\lib\armlib\c_w.l(btod.o)
    0x00002920   0x00002920   0x000000dc   Code   RO         3985    CL$$btod_e2e        C:\Keil_v5\ARM\ARMCC\Bin\..\lib\armlib\c_w.l(btod.o)
    0x000029fc   0x000029fc   0x0000002a   Code   RO         3982    CL$$btod_ediv       C:\Keil_v5\ARM\ARMCC\Bin\..\lib\armlib\c_w.l(btod.o)
    0x00002a26   0x00002a26   0x0000002a   Code   RO         3981    CL$$btod_emul       C:\Keil_v5\ARM\ARMCC\Bin\..\lib\armlib\c_w.l(btod.o)
    0x00002a50   0x00002a50   0x00000244   Code   RO         3987    CL$$btod_mult_common  C:\Keil_v5\ARM\ARMCC\Bin\..\lib\armlib\c_w.l(btod.o)
    0x00002c94   0x00002c94   0x00000004   Code   RO         2433    SVC_TABLE           .\build\svc_table.o
    0x00002c98   0x00002c98   0x0000000e   Code   RO          261    i.$Sub$$main        mbed/TARGET_LPC1768/TOOLCHAIN_ARM_STD/retarget.o
    0x00002ca6   0x00002ca6   0x00000002   PAD
    0x00002ca8   0x00002ca8   0x000000a0   Code   RO          528    i.SystemInit        mbed/TARGET_LPC1768/TOOLCHAIN_ARM_STD/system_LPC17xx.o
    0x00002d48   0x00002d48   0x00000020   Code   RO         2632    i._Z4flipv          .\build\main.o
    0x00002d68   0x00002d68   0x00000088   Code   RO         2701    i._ZN4mbed10DigitalOut5writeEi  .\build\main.o
    0x00002df0   0x00002df0   0x0000001a   Code   RO         2689    i._ZN4mbed10DigitalOutC1E7PinName  .\build\main.o
    0x00002e0a   0x00002e0a   0x00000012   Code   RO         2677    i._ZN4mbed10DigitalOutaSEi  .\build\main.o
    0x00002e1c   0x00002e1c   0x00000088   Code   RO         2665    i._ZN4mbed10DigitalOutcviEv  .\build\main.o
    0x00002ea4   0x00002ea4   0x00000006   Code   RO         3069    i._ZN4mbed10TimerEvent3irqEj  mbed/TARGET_LPC1768/TOOLCHAIN_ARM_STD/mbed.ar(TimerEvent.o)
    0x00002eaa   0x00002eaa   0x00000010   Code   RO         3070    i._ZN4mbed10TimerEvent6insertEj  mbed/TARGET_LPC1768/TOOLCHAIN_ARM_STD/mbed.ar(TimerEvent.o)
    0x00002eba   0x00002eba   0x0000000a   Code   RO         3071    i._ZN4mbed10TimerEvent6removeEv  mbed/TARGET_LPC1768/TOOLCHAIN_ARM_STD/mbed.ar(TimerEvent.o)
    0x00002ec4   0x00002ec4   0x00000028   Code   RO         3073    i._ZN4mbed10TimerEventC2Ev  mbed/TARGET_LPC1768/TOOLCHAIN_ARM_STD/mbed.ar(TimerEvent.o)
    0x00002eec   0x00002eec   0x00000018   Code   RO         3075    i._ZN4mbed10TimerEventD2Ev  mbed/TARGET_LPC1768/TOOLCHAIN_ARM_STD/mbed.ar(TimerEvent.o)
    0x00002f04   0x00002f04   0x0000002a   Code   RO         3041    i._ZN4mbed6Ticker5setupEj  mbed/TARGET_LPC1768/TOOLCHAIN_ARM_STD/mbed.ar(Ticker.o)
    0x00002f2e   0x00002f2e   0x00000002   PAD
    0x00002f30   0x00002f30   0x00000064   Code   RO         2683    i._ZN4mbed6Ticker6attachENS_8CallbackIFvvEEEf  .\build\main.o
    0x00002f94   0x00002f94   0x00000038   Code   RO         3043    i._ZN4mbed6Ticker7handlerEv  mbed/TARGET_LPC1768/TOOLCHAIN_ARM_STD/mbed.ar(Ticker.o)
    0x00002fcc   0x00002fcc   0x0000004c   Code   RO         3058    i._ZN4mbed6TickerD1Ev  mbed/TARGET_LPC1768/TOOLCHAIN_ARM_STD/mbed.ar(Ticker.o)
    0x00003018   0x00003018   0x00000004   Code   RO         3277    i._ZN4mbed8FileBase11getPathTypeEv  mbed/TARGET_LPC1768/TOOLCHAIN_ARM_STD/mbed.ar(FileBase.o)
    0x0000301c   0x0000301c   0x0000006c   Code   RO         3279    i._ZN4mbed8FileBase6lookupEPKcj  mbed/TARGET_LPC1768/TOOLCHAIN_ARM_STD/mbed.ar(FileBase.o)
    0x00003088   0x00003088   0x00000018   Code   RO         2942    i._ZN4mbed8FilePath10fileSystemEv  mbed/TARGET_LPC1768/TOOLCHAIN_ARM_STD/mbed.ar(FilePath.o)
    0x000030a0   0x000030a0   0x0000001c   Code   RO         2944    i._ZN4mbed8FilePath4fileEv  mbed/TARGET_LPC1768/TOOLCHAIN_ARM_STD/mbed.ar(FilePath.o)
    0x000030bc   0x000030bc   0x0000000a   Code   RO         2945    i._ZN4mbed8FilePath6existsEv  mbed/TARGET_LPC1768/TOOLCHAIN_ARM_STD/mbed.ar(FilePath.o)
    0x000030c6   0x000030c6   0x00000018   Code   RO         2946    i._ZN4mbed8FilePath6isFileEv  mbed/TARGET_LPC1768/TOOLCHAIN_ARM_STD/mbed.ar(FilePath.o)
    0x000030de   0x000030de   0x00000004   Code   RO         2947    i._ZN4mbed8FilePath8fileNameEv  mbed/TARGET_LPC1768/TOOLCHAIN_ARM_STD/mbed.ar(FilePath.o)
    0x000030e2   0x000030e2   0x00000040   Code   RO         2948    i._ZN4mbed8FilePathC1EPKc  mbed/TARGET_LPC1768/TOOLCHAIN_ARM_STD/mbed.ar(FilePath.o)
    0x00003122   0x00003122   0x00000028   Code   RO         4028    i.__ARM_fpclassify  C:\Keil_v5\ARM\ARMCC\Bin\..\lib\armlib\m_ws.l(fpclassify.o)
    0x0000314a   0x0000314a   0x00000002   PAD
    0x0000314c   0x0000314c   0x00000034   Code   RO           80    i.__NVIC_SetVector  mbed/TARGET_LPC1768/TOOLCHAIN_ARM_STD/cmsis_nvic.o
    0x00003180   0x00003180   0x00000004   Code   RO          271    i.__aeabi_atexit    mbed/TARGET_LPC1768/TOOLCHAIN_ARM_STD/retarget.o
    0x00003184   0x00003184   0x00000006   Code   RO         3454    i.__cxa_pure_virtual  C:\Keil_v5\ARM\ARMCC\Bin\..\lib\cpplib\cpprt_w.l(pure_virt.o)
    0x0000318a   0x0000318a   0x00000006   Code   RO          686    i.__get_CONTROL     .\build\rt_cmsis.o
    0x00003190   0x00003190   0x00000006   Code   RO          687    i.__get_IPSR        .\build\rt_cmsis.o
    0x00003196   0x00003196   0x00000006   Code   RO          688    i.__get_PRIMASK     .\build\rt_cmsis.o
    0x0000319c   0x0000319c   0x0000005c   Code   RO         2633    i.__sti___8_main_cpp_flipper  .\build\main.o
    0x000031f8   0x000031f8   0x0000002c   Code   RO         2310    i.__user_perthread_libspace  .\build\rtx_conf_cm.o
    0x00003224   0x00003224   0x00000010   Code   RO          521    i.__user_setup_stackheap  mbed/TARGET_LPC1768/TOOLCHAIN_ARM_STD/sys.o
    0x00003234   0x00003234   0x00000058   Code   RO         1524    i._init_box         .\build\rt_membox.o
    0x0000328c   0x0000328c   0x0000000e   Code   RO         3688    i._is_digit         C:\Keil_v5\ARM\ARMCC\Bin\..\lib\armlib\c_w.l(__printf_wp.o)
    0x0000329a   0x0000329a   0x00000002   PAD
    0x0000329c   0x0000329c   0x00000020   Code   RO         2311    i._mutex_acquire    .\build\rtx_conf_cm.o
    0x000032bc   0x000032bc   0x0000004c   Code   RO         2312    i._mutex_initialize  .\build\rtx_conf_cm.o
    0x00003308   0x00003308   0x0000001c   Code   RO         2313    i._mutex_release    .\build\rtx_conf_cm.o
    0x00003324   0x00003324   0x00000008   Code   RO          274    i._platform_post_stackheap_init  mbed/TARGET_LPC1768/TOOLCHAIN_ARM_STD/retarget.o
    0x0000332c   0x0000332c   0x0000002c   Code   RO          275    i._sys_close        mbed/TARGET_LPC1768/TOOLCHAIN_ARM_STD/retarget.o
    0x00003358   0x00003358   0x00000028   Code   RO          278    i._sys_flen         mbed/TARGET_LPC1768/TOOLCHAIN_ARM_STD/retarget.o
    0x00003380   0x00003380   0x00000028   Code   RO          279    i._sys_istty        mbed/TARGET_LPC1768/TOOLCHAIN_ARM_STD/retarget.o
    0x000033a8   0x000033a8   0x000001e4   Code   RO          280    i._sys_open         mbed/TARGET_LPC1768/TOOLCHAIN_ARM_STD/retarget.o
    0x0000358c   0x0000358c   0x00000028   Code   RO          282    i._sys_seek         mbed/TARGET_LPC1768/TOOLCHAIN_ARM_STD/retarget.o
    0x000035b4   0x000035b4   0x0000006c   Code   RO          283    i._sys_write        mbed/TARGET_LPC1768/TOOLCHAIN_ARM_STD/retarget.o
    0x00003620   0x00003620   0x0000008c   Code   RO         3178    i.core_util_critical_section_enter  mbed/TARGET_LPC1768/TOOLCHAIN_ARM_STD/mbed.ar(mbed_critical.o)
    0x000036ac   0x000036ac   0x00000058   Code   RO         3179    i.core_util_critical_section_exit  mbed/TARGET_LPC1768/TOOLCHAIN_ARM_STD/mbed.ar(mbed_critical.o)
    0x00003704   0x00003704   0x00000002   Code   RO         1907    i.default_idle_hook  .\build\rtos_idle.o
    0x00003706   0x00003706   0x00000012   Code   RO         3157    i.error             mbed/TARGET_LPC1768/TOOLCHAIN_ARM_STD/mbed.ar(mbed_error.o)
    0x00003718   0x00003718   0x0000002c   Code   RO          285    i.exit              mbed/TARGET_LPC1768/TOOLCHAIN_ARM_STD/retarget.o
    0x00003744   0x00003744   0x00000008   Code   RO         3136    i.get_us_ticker_data  mbed/TARGET_LPC1768/TOOLCHAIN_ARM_STD/mbed.ar(mbed_us_ticker_api.o)
    0x0000374c   0x0000374c   0x00000054   Code   RO          118    i.gpio_dir          mbed/TARGET_LPC1768/TOOLCHAIN_ARM_STD/gpio_api.o
    0x000037a0   0x000037a0   0x0000003a   Code   RO          119    i.gpio_init         mbed/TARGET_LPC1768/TOOLCHAIN_ARM_STD/gpio_api.o
    0x000037da   0x000037da   0x00000028   Code   RO         3101    i.gpio_init_in      mbed/TARGET_LPC1768/TOOLCHAIN_ARM_STD/mbed.ar(mbed_gpio.o)
    0x00003802   0x00003802   0x00000002   PAD
    0x00003804   0x00003804   0x00000048   Code   RO         3104    i.gpio_init_out     mbed/TARGET_LPC1768/TOOLCHAIN_ARM_STD/mbed.ar(mbed_gpio.o)
    0x0000384c   0x0000384c   0x00000068   Code   RO         3105    i.gpio_init_out_ex  mbed/TARGET_LPC1768/TOOLCHAIN_ARM_STD/mbed.ar(mbed_gpio.o)
    0x000038b4   0x000038b4   0x00000006   Code   RO          120    i.gpio_mode         mbed/TARGET_LPC1768/TOOLCHAIN_ARM_STD/gpio_api.o
    0x000038ba   0x000038ba   0x00000048   Code   RO          693    i.isrMessageGet     .\build\rt_cmsis.o
    0x00003902   0x00003902   0x00000032   Code   RO          694    i.isrMessagePut     .\build\rt_cmsis.o
    0x00003934   0x00003934   0x0000005e   Code   RO         1475    i.isr_mbx_receive   .\build\rt_mailbox.o
    0x00003992   0x00003992   0x00000016   Code   RO         1476    i.isr_mbx_send      .\build\rt_mailbox.o
    0x000039a8   0x000039a8   0x0000005c   Code   RO         2634    i.main              .\build\main.o
    0x00003a04   0x00003a04   0x00000054   Code   RO         3149    i.mbed_assert_internal  mbed/TARGET_LPC1768/TOOLCHAIN_ARM_STD/mbed.ar(mbed_assert.o)
    0x00003a58   0x00003a58   0x00000120   Code   RO          190    i.mbed_die          mbed/TARGET_LPC1768/TOOLCHAIN_ARM_STD/mbed_board.o
    0x00003b78   0x00003b78   0x00000058   Code   RO          191    i.mbed_error_printf  mbed/TARGET_LPC1768/TOOLCHAIN_ARM_STD/mbed_board.o
    0x00003bd0   0x00003bd0   0x00000050   Code   RO          192    i.mbed_error_vfprintf  mbed/TARGET_LPC1768/TOOLCHAIN_ARM_STD/mbed_board.o
    0x00003c20   0x00003c20   0x00000004   Code   RO         3203    i.mbed_interface_connected  mbed/TARGET_LPC1768/TOOLCHAIN_ARM_STD/mbed.ar(mbed_interface.o)
    0x00003c24   0x00003c24   0x00000002   Code   RO          286    i.mbed_main         mbed/TARGET_LPC1768/TOOLCHAIN_ARM_STD/retarget.o
    0x00003c26   0x00003c26   0x00000002   Code   RO          287    i.mbed_sdk_init     mbed/TARGET_LPC1768/TOOLCHAIN_ARM_STD/retarget.o
    0x00003c28   0x00003c28   0x00000034   Code   RO          698    i.osKernelInitialize  .\build\rt_cmsis.o
    0x00003c5c   0x00003c5c   0x00000034   Code   RO          699    i.osKernelRunning   .\build\rt_cmsis.o
    0x00003c90   0x00003c90   0x000000f4   Code   RO          700    i.osKernelStart     .\build\rt_cmsis.o
    0x00003d84   0x00003d84   0x00000040   Code   RO          709    i.osMessageGet      .\build\rt_cmsis.o
    0x00003dc4   0x00003dc4   0x00000044   Code   RO          711    i.osMutexCreate     .\build\rt_cmsis.o
    0x00003e08   0x00003e08   0x00000028   Code   RO          713    i.osMutexRelease    .\build\rt_cmsis.o
    0x00003e30   0x00003e30   0x0000002c   Code   RO          714    i.osMutexWait       .\build\rt_cmsis.o
    0x00003e5c   0x00003e5c   0x0000006c   Code   RO          726    i.osThreadContextCreate  .\build\rt_cmsis.o
    0x00003ec8   0x00003ec8   0x00000012   Code   RO          727    i.osThreadCreate    .\build\rt_cmsis.o
    0x00003eda   0x00003eda   0x00000002   PAD
    0x00003edc   0x00003edc   0x00000038   Code   RO          728    i.osThreadExit      .\build\rt_cmsis.o
    0x00003f14   0x00003f14   0x00000020   Code   RO          735    i.osTimerCall       .\build\rt_cmsis.o
    0x00003f34   0x00003f34   0x00000038   Code   RO          740    i.osTimerThread     .\build\rt_cmsis.o
    0x00003f6c   0x00003f6c   0x00000044   Code   RO         2314    i.os_error          .\build\rtx_conf_cm.o
    0x00003fb0   0x00003fb0   0x00000008   Code   RO         2315    i.os_idle_demon     .\build\rtx_conf_cm.o
    0x00003fb8   0x00003fb8   0x00000030   Code   RO         1689    i.os_tick_init      .\build\rt_system.o
    0x00003fe8   0x00003fe8   0x00000002   Code   RO         1690    i.os_tick_irqack    .\build\rt_system.o
    0x00003fea   0x00003fea   0x00000002   PAD
    0x00003fec   0x00003fec   0x0000005c   Code   RO          203    i.pin_function      mbed/TARGET_LPC1768/TOOLCHAIN_ARM_STD/pinmap.o
    0x00004048   0x00004048   0x00000090   Code   RO          204    i.pin_mode          mbed/TARGET_LPC1768/TOOLCHAIN_ARM_STD/pinmap.o
    0x000040d8   0x000040d8   0x00000022   Code   RO         3119    i.pinmap_find_peripheral  mbed/TARGET_LPC1768/TOOLCHAIN_ARM_STD/mbed.ar(mbed_pinmap_common.o)
    0x000040fa   0x000040fa   0x00000002   PAD
    0x000040fc   0x000040fc   0x0000003c   Code   RO         3121    i.pinmap_merge      mbed/TARGET_LPC1768/TOOLCHAIN_ARM_STD/mbed.ar(mbed_pinmap_common.o)
    0x00004138   0x00004138   0x0000005c   Code   RO         3122    i.pinmap_peripheral  mbed/TARGET_LPC1768/TOOLCHAIN_ARM_STD/mbed.ar(mbed_pinmap_common.o)
    0x00004194   0x00004194   0x00000058   Code   RO         3123    i.pinmap_pinout     mbed/TARGET_LPC1768/TOOLCHAIN_ARM_STD/mbed.ar(mbed_pinmap_common.o)
    0x000041ec   0x000041ec   0x00000024   Code   RO         2316    i.pre_main          .\build\rtx_conf_cm.o
    0x00004210   0x00004210   0x0000001e   Code   RO         1525    i.rt_alloc_box      .\build\rt_membox.o
    0x0000422e   0x0000422e   0x00000002   PAD
    0x00004230   0x00004230   0x00000038   Code   RO         1781    i.rt_block          .\build\rt_task.o
    0x00004268   0x00004268   0x00000058   Code   RO         1625    i.rt_chk_robin      .\build\rt_robin.o
    0x000042c0   0x000042c0   0x00000090   Code   RO         1399    i.rt_dec_dly        .\build\rt_list.o
    0x00004350   0x00004350   0x00000050   Code   RO         1782    i.rt_dispatch       .\build\rt_task.o
    0x000043a0   0x000043a0   0x0000005c   Code   RO         1360    i.rt_evt_psh        .\build\rt_event.o
    0x000043fc   0x000043fc   0x0000003e   Code   RO         1526    i.rt_free_box       .\build\rt_membox.o
    0x0000443a   0x0000443a   0x00000002   PAD
    0x0000443c   0x0000443c   0x00000028   Code   RO         1783    i.rt_get_TID        .\build\rt_task.o
    0x00004464   0x00004464   0x00000032   Code   RO         1400    i.rt_get_first      .\build\rt_list.o
    0x00004496   0x00004496   0x00000010   Code   RO          745    i.rt_id2obj         .\build\rt_cmsis.o
    0x000044a6   0x000044a6   0x00000002   PAD
    0x000044a8   0x000044a8   0x00000048   Code   RO         1784    i.rt_init_context   .\build\rt_task.o
    0x000044f0   0x000044f0   0x00000018   Code   RO         1626    i.rt_init_robin     .\build\rt_robin.o
    0x00004508   0x00004508   0x00000094   Code   RO          552    i.rt_init_stack     .\build\hal_cm.o
    0x0000459c   0x0000459c   0x0000000c   Code   RO         1477    i.rt_mbx_check      .\build\rt_mailbox.o
    0x000045a8   0x000045a8   0x00000022   Code   RO         1478    i.rt_mbx_init       .\build\rt_mailbox.o
    0x000045ca   0x000045ca   0x00000002   PAD
    0x000045cc   0x000045cc   0x00000120   Code   RO         1479    i.rt_mbx_psh        .\build\rt_mailbox.o
    0x000046ec   0x000046ec   0x000000d8   Code   RO         1481    i.rt_mbx_wait       .\build\rt_mailbox.o
    0x000047c4   0x000047c4   0x0000004c   Code   RO          746    i.rt_ms2tick        .\build\rt_cmsis.o
    0x00004810   0x00004810   0x00000012   Code   RO         1578    i.rt_mut_init       .\build\rt_mutex.o
    0x00004822   0x00004822   0x00000002   PAD
    0x00004824   0x00004824   0x0000011c   Code   RO         1579    i.rt_mut_release    .\build\rt_mutex.o
    0x00004940   0x00004940   0x00000090   Code   RO         1580    i.rt_mut_wait       .\build\rt_mutex.o
    0x000049d0   0x000049d0   0x000000a8   Code   RO         1693    i.rt_pop_req        .\build\rt_system.o
    0x00004a78   0x00004a78   0x00000024   Code   RO         1694    i.rt_psh_req        .\build\rt_system.o
    0x00004a9c   0x00004a9c   0x0000007c   Code   RO         1402    i.rt_psq_enq        .\build\rt_list.o
    0x00004b18   0x00004b18   0x0000005c   Code   RO         1403    i.rt_put_dly        .\build\rt_list.o
    0x00004b74   0x00004b74   0x00000040   Code   RO         1404    i.rt_put_prio       .\build\rt_list.o
    0x00004bb4   0x00004bb4   0x00000014   Code   RO         1405    i.rt_put_rdy_first  .\build\rt_list.o
    0x00004bc8   0x00004bc8   0x00000034   Code   RO         1406    i.rt_resort_prio    .\build\rt_list.o
    0x00004bfc   0x00004bfc   0x0000000c   Code   RO          553    i.rt_ret_val        .\build\hal_cm.o
    0x00004c08   0x00004c08   0x00000010   Code   RO          554    i.rt_ret_val2       .\build\hal_cm.o
    0x00004c18   0x00004c18   0x00000028   Code   RO         1407    i.rt_rmv_dly        .\build\rt_list.o
    0x00004c40   0x00004c40   0x00000034   Code   RO         1408    i.rt_rmv_list       .\build\rt_list.o
    0x00004c74   0x00004c74   0x00000038   Code   RO         1649    i.rt_sem_psh        .\build\rt_semaphore.o
    0x00004cac   0x00004cac   0x0000003c   Code   RO         1696    i.rt_stk_check      .\build\rt_system.o
    0x00004ce8   0x00004ce8   0x00000030   Code   RO         1785    i.rt_switch_req     .\build\rt_task.o
    0x00004d18   0x00004d18   0x000000d8   Code   RO         1786    i.rt_sys_init       .\build\rt_task.o
    0x00004df0   0x00004df0   0x00000094   Code   RO         1787    i.rt_sys_start      .\build\rt_task.o
    0x00004e84   0x00004e84   0x00000044   Code   RO         1698    i.rt_systick        .\build\rt_system.o
    0x00004ec8   0x00004ec8   0x00000020   Code   RO          747    i.rt_tid2ptcb       .\build\rt_cmsis.o
    0x00004ee8   0x00004ee8   0x00000040   Code   RO          748    i.rt_timer_insert   .\build\rt_cmsis.o
    0x00004f28   0x00004f28   0x00000060   Code   RO         1788    i.rt_tsk_create     .\build\rt_task.o
    0x00004f88   0x00004f88   0x00000194   Code   RO         1789    i.rt_tsk_delete     .\build\rt_task.o
    0x0000511c   0x0000511c   0x0000009c   Code   RO         1791    i.rt_tsk_prio       .\build\rt_task.o
    0x000051b8   0x000051b8   0x00000018   Code   RO         1792    i.rt_tsk_self       .\build\rt_task.o
    0x000051d0   0x000051d0   0x00000010   Code   RO         1909    i.rtos_idle_loop    .\build\rtos_idle.o
    0x000051e0   0x000051e0   0x00000010   Code   RO         3226    i.semihost_connected  mbed/TARGET_LPC1768/TOOLCHAIN_ARM_STD/mbed.ar(mbed_semihost_api.o)
    0x000051f0   0x000051f0   0x0000000c   Code   RO         3229    i.semihost_exit     mbed/TARGET_LPC1768/TOOLCHAIN_ARM_STD/mbed.ar(mbed_semihost_api.o)
    0x000051fc   0x000051fc   0x000001c4   Code   RO          432    i.serial_baud       mbed/TARGET_LPC1768/TOOLCHAIN_ARM_STD/serial_api.o
    0x000053c0   0x000053c0   0x00000180   Code   RO          439    i.serial_init       mbed/TARGET_LPC1768/TOOLCHAIN_ARM_STD/serial_api.o
    0x00005540   0x00005540   0x000000d4   Code   RO          442    i.serial_irq_set_internal  mbed/TARGET_LPC1768/TOOLCHAIN_ARM_STD/serial_api.o
    0x00005614   0x00005614   0x00000068   Code   RO          444    i.serial_putc       mbed/TARGET_LPC1768/TOOLCHAIN_ARM_STD/serial_api.o
    0x0000567c   0x0000567c   0x0000010c   Code   RO          446    i.serial_set_flow_control  mbed/TARGET_LPC1768/TOOLCHAIN_ARM_STD/serial_api.o
    0x00005788   0x00005788   0x0000001c   Code   RO         2317    i.set_main_stack    .\build\rtx_conf_cm.o
    0x000057a4   0x000057a4   0x00000078   Code   RO          751    i.svcKernelInitialize  .\build\rt_cmsis.o
    0x0000581c   0x0000581c   0x0000000c   Code   RO          752    i.svcKernelRunning  .\build\rt_cmsis.o
    0x00005828   0x00005828   0x00000060   Code   RO          753    i.svcKernelStart    .\build\rt_cmsis.o
    0x00005888   0x00005888   0x0000003c   Code   RO          756    i.svcMessageCreate  .\build\rt_cmsis.o
    0x000058c4   0x000058c4   0x00000056   Code   RO          757    i.svcMessageGet     .\build\rt_cmsis.o
    0x0000591a   0x0000591a   0x00000036   Code   RO          759    i.svcMutexCreate    .\build\rt_cmsis.o
    0x00005950   0x00005950   0x00000030   Code   RO          761    i.svcMutexRelease   .\build\rt_cmsis.o
    0x00005980   0x00005980   0x00000046   Code   RO          762    i.svcMutexWait      .\build\rt_cmsis.o
    0x000059c6   0x000059c6   0x00000002   PAD
    0x000059c8   0x000059c8   0x000000a0   Code   RO          771    i.svcThreadCreate   .\build\rt_cmsis.o
    0x00005a68   0x00005a68   0x0000001c   Code   RO          772    i.svcThreadGetId    .\build\rt_cmsis.o
    0x00005a84   0x00005a84   0x00000044   Code   RO          776    i.svcThreadTerminate  .\build\rt_cmsis.o
    0x00005ac8   0x00005ac8   0x0000002a   Code   RO          778    i.svcTimerCall      .\build\rt_cmsis.o
    0x00005af2   0x00005af2   0x00000002   Code   RO          787    i.sysThreadError    .\build\rt_cmsis.o
    0x00005af4   0x00005af4   0x0000000c   Code   RO         2319    i.sysThreadTerminate  .\build\rtx_conf_cm.o
    0x00005b00   0x00005b00   0x00000058   Code   RO          788    i.sysTimerTick      .\build\rt_cmsis.o
    0x00005b58   0x00005b58   0x00000018   Code   RO         2462    i.thread_terminate_hook  .\build\thread.o
    0x00005b70   0x00005b70   0x00000048   Code   RO         3313    i.ticker_insert_event  mbed/TARGET_LPC1768/TOOLCHAIN_ARM_STD/mbed.ar(mbed_ticker_api.o)
    0x00005bb8   0x00005bb8   0x0000004e   Code   RO         3314    i.ticker_irq_handler  mbed/TARGET_LPC1768/TOOLCHAIN_ARM_STD/mbed.ar(mbed_ticker_api.o)
    0x00005c06   0x00005c06   0x00000006   Code   RO         3315    i.ticker_read       mbed/TARGET_LPC1768/TOOLCHAIN_ARM_STD/mbed.ar(mbed_ticker_api.o)
    0x00005c0c   0x00005c0c   0x00000044   Code   RO         3316    i.ticker_remove_event  mbed/TARGET_LPC1768/TOOLCHAIN_ARM_STD/mbed.ar(mbed_ticker_api.o)
    0x00005c50   0x00005c50   0x00000012   Code   RO         3317    i.ticker_set_handler  mbed/TARGET_LPC1768/TOOLCHAIN_ARM_STD/mbed.ar(mbed_ticker_api.o)
    0x00005c62   0x00005c62   0x00000002   PAD
    0x00005c64   0x00005c64   0x00000014   Code   RO          448    i.uart0_irq         mbed/TARGET_LPC1768/TOOLCHAIN_ARM_STD/serial_api.o
    0x00005c78   0x00005c78   0x00000014   Code   RO          449    i.uart1_irq         mbed/TARGET_LPC1768/TOOLCHAIN_ARM_STD/serial_api.o
    0x00005c8c   0x00005c8c   0x00000014   Code   RO          450    i.uart2_irq         mbed/TARGET_LPC1768/TOOLCHAIN_ARM_STD/serial_api.o
    0x00005ca0   0x00005ca0   0x00000014   Code   RO          451    i.uart3_irq         mbed/TARGET_LPC1768/TOOLCHAIN_ARM_STD/serial_api.o
    0x00005cb4   0x00005cb4   0x00000068   Code   RO          452    i.uart_irq          mbed/TARGET_LPC1768/TOOLCHAIN_ARM_STD/serial_api.o
    0x00005d1c   0x00005d1c   0x0000000c   Code   RO          538    i.us_ticker_clear_interrupt  mbed/TARGET_LPC1768/TOOLCHAIN_ARM_STD/us_ticker.o
    0x00005d28   0x00005d28   0x00000010   Code   RO          539    i.us_ticker_disable_interrupt  mbed/TARGET_LPC1768/TOOLCHAIN_ARM_STD/us_ticker.o
    0x00005d38   0x00005d38   0x00000064   Code   RO          540    i.us_ticker_init    mbed/TARGET_LPC1768/TOOLCHAIN_ARM_STD/us_ticker.o
    0x00005d9c   0x00005d9c   0x0000000c   Code   RO         3137    i.us_ticker_irq_handler  mbed/TARGET_LPC1768/TOOLCHAIN_ARM_STD/mbed.ar(mbed_us_ticker_api.o)
    0x00005da8   0x00005da8   0x00000064   Code   RO          541    i.us_ticker_read    mbed/TARGET_LPC1768/TOOLCHAIN_ARM_STD/us_ticker.o
    0x00005e0c   0x00005e0c   0x00000014   Code   RO          542    i.us_ticker_set_interrupt  mbed/TARGET_LPC1768/TOOLCHAIN_ARM_STD/us_ticker.o
    0x00005e20   0x00005e20   0x00000024   Code   RO         3265    i.wait              mbed/TARGET_LPC1768/TOOLCHAIN_ARM_STD/mbed.ar(mbed_wait_api_no_rtos.o)
    0x00005e44   0x00005e44   0x0000001c   Code   RO         3266    i.wait_ms           mbed/TARGET_LPC1768/TOOLCHAIN_ARM_STD/mbed.ar(mbed_wait_api_no_rtos.o)
    0x00005e60   0x00005e60   0x0000002c   Code   RO         4001    locale$$code        C:\Keil_v5\ARM\ARMCC\Bin\..\lib\armlib\c_w.l(lc_numeric_c.o)
    0x00005e8c   0x00005e8c   0x0000002c   Code   RO         4040    locale$$code        C:\Keil_v5\ARM\ARMCC\Bin\..\lib\armlib\c_w.l(lc_ctype_c.o)
    0x00005eb8   0x00005eb8   0x0000002c   Code   RO         3304    t._ZN12SingletonPtrI13PlatformMutexEptEv  mbed/TARGET_LPC1768/TOOLCHAIN_ARM_STD/mbed.ar(FileBase.o)
    0x00005ee4   0x00005ee4   0x0000000a   Code   RO         2708    t._ZN4mbed8CallbackIFvvEE13function_callIPS1_EEvPKv  .\build\main.o
    0x00005eee   0x00005eee   0x00000002   Code   RO         2720    t._ZN4mbed8CallbackIFvvEE13function_dtorIPS1_EEvPv  .\build\main.o
    0x00005ef0   0x00005ef0   0x0000000e   Code   RO         2714    t._ZN4mbed8CallbackIFvvEE13function_moveIPS1_EEvPvPKv  .\build\main.o
    0x00005efe   0x00005efe   0x00000002   PAD
    0x00005f00   0x00005f00   0x00000028   Code   RO         2671    t._ZN4mbed8CallbackIFvvEEC1EPS1_  .\build\main.o
    0x00005f28   0x00005f28   0x0000001c   Code   RO         2597    t._ZN4mbed8CallbackIFvvEEC1ERKS2_  .\build\thread.o
    0x00005f44   0x00005f44   0x00000014   Code   RO         1976    t._ZN4mbed8CallbackIFvvEED1Ev  .\build\rtostimer.o
    0x00005f58   0x00005f58   0x00000036   Code   RO         3579    x$fpl$ffix          C:\Keil_v5\ARM\ARMCC\Bin\..\lib\armlib\fz_ws.l(ffix.o)
    0x00005f8e   0x00005f8e   0x00000002   PAD
    0x00005f90   0x00005f90   0x0000003e   Code   RO         3583    x$fpl$ffixu         C:\Keil_v5\ARM\ARMCC\Bin\..\lib\armlib\fz_ws.l(ffixu.o)
    0x00005fce   0x00005fce   0x00000002   PAD
    0x00005fd0   0x00005fd0   0x00000102   Code   RO         3593    x$fpl$fmul          C:\Keil_v5\ARM\ARMCC\Bin\..\lib\armlib\fz_ws.l(fmul.o)
    0x000060d2   0x000060d2   0x0000008c   Code   RO         3827    x$fpl$fnaninf       C:\Keil_v5\ARM\ARMCC\Bin\..\lib\armlib\fz_ws.l(fnaninf.o)
    0x0000615e   0x0000615e   0x0000000a   Code   RO         3829    x$fpl$fretinf       C:\Keil_v5\ARM\ARMCC\Bin\..\lib\armlib\fz_ws.l(fretinf.o)
    0x00006168   0x00006168   0x00000004   Code   RO         3831    x$fpl$printf1       C:\Keil_v5\ARM\ARMCC\Bin\..\lib\armlib\fz_ws.l(printf1.o)
    0x0000616c   0x0000616c   0x00000004   Code   RO         3833    x$fpl$printf2       C:\Keil_v5\ARM\ARMCC\Bin\..\lib\armlib\fz_ws.l(printf2.o)
    0x00006170   0x00006170   0x00000000   Code   RO         3839    x$fpl$usenofp       C:\Keil_v5\ARM\ARMCC\Bin\..\lib\armlib\fz_ws.l(usenofp.o)
    0x00006170   0x00006170   0x00000017   Data   RO          336    .constdata          mbed/TARGET_LPC1768/TOOLCHAIN_ARM_STD/retarget.o
    0x00006187   0x00006187   0x00000001   PAD
    0x00006188   0x00006188   0x00000120   Data   RO          454    .constdata          mbed/TARGET_LPC1768/TOOLCHAIN_ARM_STD/serial_api.o
    0x000062a8   0x000062a8   0x00000004   Data   RO          792    .constdata          .\build\rt_cmsis.o
    0x000062ac   0x000062ac   0x0000005c   Data   RO         2321    .constdata          .\build\rtx_conf_cm.o
    0x00006308   0x00006308   0x00000014   Data   RO         3138    .constdata          mbed/TARGET_LPC1768/TOOLCHAIN_ARM_STD/mbed.ar(mbed_us_ticker_api.o)
    0x0000631c   0x0000631c   0x00000008   Data   RO         3139    .constdata          mbed/TARGET_LPC1768/TOOLCHAIN_ARM_STD/mbed.ar(mbed_us_ticker_api.o)
    0x00006324   0x00006324   0x00000008   Data   RO         3647    .constdata          C:\Keil_v5\ARM\ARMCC\Bin\..\lib\armlib\c_w.l(_printf_wctomb.o)
    0x0000632c   0x0000632c   0x00000028   Data   RO         3676    .constdata          C:\Keil_v5\ARM\ARMCC\Bin\..\lib\armlib\c_w.l(_printf_hex_int_ll_ptr.o)
    0x00006354   0x00006354   0x00000011   Data   RO         3696    .constdata          C:\Keil_v5\ARM\ARMCC\Bin\..\lib\armlib\c_w.l(__printf_flags_ss_wp.o)
    0x00006365   0x00006365   0x00000026   Data   RO         3861    .constdata          C:\Keil_v5\ARM\ARMCC\Bin\..\lib\armlib\c_w.l(_printf_fp_hex.o)
    0x0000638b   0x0000638b   0x00000001   PAD
    0x0000638c   0x0000638c   0x00000094   Data   RO         3976    .constdata          C:\Keil_v5\ARM\ARMCC\Bin\..\lib\armlib\c_w.l(bigflt0.o)
    0x00006420   0x00006420   0x00000014   Data   RO         3095    .constdata__ZTVN4mbed10TimerEventE  mbed/TARGET_LPC1768/TOOLCHAIN_ARM_STD/mbed.ar(TimerEvent.o)
    0x00006434   0x00006434   0x00000014   Data   RO         3054    .constdata__ZTVN4mbed6TickerE  mbed/TARGET_LPC1768/TOOLCHAIN_ARM_STD/mbed.ar(Ticker.o)
    0x00006448   0x00006448   0x00000014   Data   RO          399    .constdata__ZZN12SingletonPtrI13PlatformMutexE3getEvEs  mbed/TARGET_LPC1768/TOOLCHAIN_ARM_STD/retarget.o
    0x0000645c   0x0000645c   0x0000004d   Data   RO          400    .constdata__ZZN12SingletonPtrI13PlatformMutexE3getEvEs_0  mbed/TARGET_LPC1768/TOOLCHAIN_ARM_STD/retarget.o
    0x000064a9   0x000064a9   0x00000003   PAD
    0x000064ac   0x000064ac   0x0000000c   Data   RO         2707    .constdata__ZZN4mbed8CallbackIFvvEE8generateIPS1_EEvRKT_E3ops  .\build\main.o
    0x000064b8   0x000064b8   0x00000005   Data   RO         3056    .constdata__ZZNK4mbed8CallbackIFvvEE4callEvEs  mbed/TARGET_LPC1768/TOOLCHAIN_ARM_STD/mbed.ar(Ticker.o)
    0x000064bd   0x000064bd   0x00000049   Data   RO         3057    .constdata__ZZNK4mbed8CallbackIFvvEE4callEvEs_0  mbed/TARGET_LPC1768/TOOLCHAIN_ARM_STD/mbed.ar(Ticker.o)
    0x00006506   0x00006506   0x00000002   PAD
    0x00006508   0x00006508   0x00000057   Data   RO          122    .conststring        mbed/TARGET_LPC1768/TOOLCHAIN_ARM_STD/gpio_api.o
    0x0000655f   0x0000655f   0x00000001   PAD
    0x00006560   0x00006560   0x0000006c   Data   RO          193    .conststring        mbed/TARGET_LPC1768/TOOLCHAIN_ARM_STD/mbed_board.o
    0x000065cc   0x000065cc   0x00000055   Data   RO          205    .conststring        mbed/TARGET_LPC1768/TOOLCHAIN_ARM_STD/pinmap.o
    0x00006621   0x00006621   0x00000003   PAD
    0x00006624   0x00006624   0x00000059   Data   RO          455    .conststring        mbed/TARGET_LPC1768/TOOLCHAIN_ARM_STD/serial_api.o
    0x0000667d   0x0000667d   0x00000003   PAD
    0x00006680   0x00006680   0x00000043   Data   RO         3180    .conststring        mbed/TARGET_LPC1768/TOOLCHAIN_ARM_STD/mbed.ar(mbed_critical.o)
    0x000066c3   0x000066c3   0x00000001   PAD
    0x000066c4   0x000066c4   0x00000020   Data   RO         4060    Region$$Table       anon$$obj.o
    0x000066e4   0x000066e4   0x0000001c   Data   RO         4000    locale$$data        C:\Keil_v5\ARM\ARMCC\Bin\..\lib\armlib\c_w.l(lc_numeric_c.o)
    0x00006700   0x00006700   0x00000110   Data   RO         4039    locale$$data        C:\Keil_v5\ARM\ARMCC\Bin\..\lib\armlib\c_w.l(lc_ctype_c.o)
    0x00006810   0x00006810   0x00000004   Data   RO         2639    .init_array         .\build\main.o
    0x00006814   0x00006810   0x00000000   Data   RO         3449    .init_array         C:\Keil_v5\ARM\ARMCC\Bin\..\lib\armlib\c_w.l(init_aeabi.o)


    Execution Region RW_IRAM1 (Exec base: 0x100000c8, Load base: 0x00006814, Size: 0x00001464, Max: 0x00007f38, ABSOLUTE)

    Exec Addr    Load Addr    Size         Type   Attr      Idx    E Section Name        Object

    0x100000c8   0x00006814   0x00000008   Data   RW          339    .data               mbed/TARGET_LPC1768/TOOLCHAIN_ARM_STD/retarget.o
    0x100000d0   0x0000681c   0x00000010   Data   RW          456    .data               mbed/TARGET_LPC1768/TOOLCHAIN_ARM_STD/serial_api.o
    0x100000e0   0x0000682c   0x00000004   Data   RW          529    .data               mbed/TARGET_LPC1768/TOOLCHAIN_ARM_STD/system_LPC17xx.o
    0x100000e4   0x00006830   0x00000004   Data   RW          543    .data               mbed/TARGET_LPC1768/TOOLCHAIN_ARM_STD/us_ticker.o
    0x100000e8   0x00006834   0x00000010   Data   RW          793    .data               .\build\rt_cmsis.o
    0x100000f8   0x00006844   0x00000005   Data   RW         1608    .data               .\build\rt_oseventobserver.o
    0x100000fd   0x00006849   0x00000003   PAD
    0x10000100   0x0000684c   0x00000008   Data   RW         1627    .data               .\build\rt_robin.o
    0x10000108   0x00006854   0x00000007   Data   RW         1701    .data               .\build\rt_system.o
    0x1000010f   0x0000685b   0x00000001   PAD
    0x10000110   0x0000685c   0x00000008   Data   RW         1794    .data               .\build\rt_task.o
    0x10000118   0x00006864   0x00000004   Data   RW         1872    .data               .\build\rt_time.o
    0x1000011c   0x00006868   0x00000004   Data   RW         1910    .data               .\build\rtos_idle.o
    0x10000120   0x0000686c   0x00000034   Data   RW         2322    .data               .\build\rtx_conf_cm.o
    0x10000154   0x000068a0   0x00000004   Data   RW         2487    .data               .\build\thread.o
    0x10000158   0x000068a4   0x00000008   Data   RW         3140    .data               mbed/TARGET_LPC1768/TOOLCHAIN_ARM_STD/mbed.ar(mbed_us_ticker_api.o)
    0x10000160   0x000068ac   0x00000008   Data   RW         3181    .data               mbed/TARGET_LPC1768/TOOLCHAIN_ARM_STD/mbed.ar(mbed_critical.o)
    0x10000168   0x000068b4   0x0000000c   Data   RW         3291    .data               mbed/TARGET_LPC1768/TOOLCHAIN_ARM_STD/mbed.ar(FileBase.o)
    0x10000174   0x000068c0   0x00000004   Data   RW         3415    .data               C:\Keil_v5\ARM\ARMCC\Bin\..\lib\armlib\c_w.l(stdio_streams.o)
    0x10000178   0x000068c4   0x00000004   Data   RW         3416    .data               C:\Keil_v5\ARM\ARMCC\Bin\..\lib\armlib\c_w.l(stdio_streams.o)
    0x1000017c   0x000068c8   0x00000004   Data   RW         3417    .data               C:\Keil_v5\ARM\ARMCC\Bin\..\lib\armlib\c_w.l(stdio_streams.o)
    0x10000180   0x000068cc   0x00000004   Data   RW         3737    .data               C:\Keil_v5\ARM\ARMCC\Bin\..\lib\armlib\c_w.l(streamlock.o)
    0x10000184        -       0x00000040   Zero   RW          335    .bss                mbed/TARGET_LPC1768/TOOLCHAIN_ARM_STD/retarget.o
    0x100001c4        -       0x000000e0   Zero   RW          453    .bss                mbed/TARGET_LPC1768/TOOLCHAIN_ARM_STD/serial_api.o
    0x100002a4        -       0x00000010   Zero   RW          791    .bss                .\build\rt_cmsis.o
    0x100002b4        -       0x00000030   Zero   RW         1409    .bss                .\build\rt_list.o
    0x100002e4        -       0x00000040   Zero   RW         1793    .bss                .\build\rt_task.o
    0x10000324   0x000068d0   0x00000004   PAD
    0x10000328        -       0x00001050   Zero   RW         2320    .bss                .\build\rtx_conf_cm.o
    0x10001378        -       0x00000058   Zero   RW         2638    .bss                .\build\main.o
    0x100013d0        -       0x00000060   Zero   RW         3330    .bss                C:\Keil_v5\ARM\ARMCC\Bin\..\lib\armlib\c_w.l(libspace.o)
    0x10001430        -       0x00000054   Zero   RW         3412    .bss                C:\Keil_v5\ARM\ARMCC\Bin\..\lib\armlib\c_w.l(stdio_streams.o)
    0x10001484        -       0x00000054   Zero   RW         3413    .bss                C:\Keil_v5\ARM\ARMCC\Bin\..\lib\armlib\c_w.l(stdio_streams.o)
    0x100014d8        -       0x00000054   Zero   RW         3414    .bss                C:\Keil_v5\ARM\ARMCC\Bin\..\lib\armlib\c_w.l(stdio_streams.o)


    Execution Region RW_IRAM2 (Exec base: 0x2007c000, Load base: 0x000068d0, Size: 0x00000000, Max: 0x00004000, ABSOLUTE)

    **** No section assigned to this execution region ****


    Execution Region RW_IRAM3 (Exec base: 0x20080000, Load base: 0x000068d0, Size: 0x00000000, Max: 0x00004000, ABSOLUTE)

    **** No section assigned to this execution region ****


    Execution Region RW_IRAM4 (Exec base: 0x40038000, Load base: 0x000068d0, Size: 0x00000000, Max: 0x00000800, ABSOLUTE)

    **** No section assigned to this execution region ****


==============================================================================

Image component sizes


      Code (inc. data)   RO Data    RW Data    ZI Data      Debug   Object Name

        52          6          0          0          0         84   mbed/TARGET_LPC1768/TOOLCHAIN_ARM_STD/cmsis_nvic.o
       148         30         87          0          0        228   mbed/TARGET_LPC1768/TOOLCHAIN_ARM_STD/gpio_api.o
       176          8          0          0          0       9055   .\build\hal_cm.o
       304         36          0          0          0        900   .\build\hal_cm3.o
       698        236         16          0         88      18550   .\build\main.o
       456         70        108          0          0        260   mbed/TARGET_LPC1768/TOOLCHAIN_ARM_STD/mbed_board.o
         0          0          0          0          0       3080   .\build\mutex.o
       236         48         85          0          0        160   mbed/TARGET_LPC1768/TOOLCHAIN_ARM_STD/pinmap.o
       830         88        120          8         64        920   mbed/TARGET_LPC1768/TOOLCHAIN_ARM_STD/retarget.o
      2096        194          4         16         16      34885   .\build\rt_cmsis.o
        92          4          0          0          0        673   .\build\rt_event.o
       638         34          0          0         48       8569   .\build\rt_list.o
       666         10          0          0          0       4141   .\build\rt_mailbox.o
       180          0          0          0          0       2097   .\build\rt_membox.o
       446         12          0          0          0       2193   .\build\rt_mutex.o
         0          0          0          5          0       1829   .\build\rt_oseventobserver.o
       112         22          0          8          0       1230   .\build\rt_robin.o
        56          4          0          0          0        597   .\build\rt_semaphore.o
       382         58          0          7          0       6615   .\build\rt_system.o
      1340        168          0          8         64      10041   .\build\rt_task.o
         0          0          0          4          0        234   .\build\rt_time.o
        18          6          0          4          0       1449   .\build\rtos_idle.o
        20          0          0          0          0       8374   .\build\rtostimer.o
       384        150         92         52       4176      12815   .\build\rtx_conf_cm.o
      1604        160        377         16        224        840   mbed/TARGET_LPC1768/TOOLCHAIN_ARM_STD/serial_api.o
        40         12        196          0          0        228   mbed/TARGET_LPC1768/TOOLCHAIN_ARM_STD/startup_LPC17xx.o
         4          4          0          0          0        252   .\build\svc_table.o
        16          6          0          0          0         68   mbed/TARGET_LPC1768/TOOLCHAIN_ARM_STD/sys.o
       160         10          0          4          0         68   mbed/TARGET_LPC1768/TOOLCHAIN_ARM_STD/system_LPC17xx.o
        52          4          0          4          0       2604   .\build\thread.o
       248         64          0          4          0        356   mbed/TARGET_LPC1768/TOOLCHAIN_ARM_STD/us_ticker.o

    ----------------------------------------------------------------------
     11474       1444       1128        144       4684     133395   Object Totals
         0          0         32          0          0          0   (incl. Generated)
        20          0         11          4          4          0   (incl. Padding)

    ----------------------------------------------------------------------

      Code (inc. data)   RO Data    RW Data    ZI Data      Debug   Library Member Name

        60          8          0          0          0         84   C:\Keil_v5\ARM\ARMCC\Bin\..\lib\armlib\c_w.l(__0sscanf.o)
         8          0          0          0          0         68   C:\Keil_v5\ARM\ARMCC\Bin\..\lib\armlib\c_w.l(__main.o)
       392          4         17          0          0         92   C:\Keil_v5\ARM\ARMCC\Bin\..\lib\armlib\c_w.l(__printf_flags_ss_wp.o)
        14          0          0          0          0         68   C:\Keil_v5\ARM\ARMCC\Bin\..\lib\armlib\c_w.l(__printf_wp.o)
        52          8          0          0          0          0   C:\Keil_v5\ARM\ARMCC\Bin\..\lib\armlib\c_w.l(__scatter.o)
        26          0          0          0          0          0   C:\Keil_v5\ARM\ARMCC\Bin\..\lib\armlib\c_w.l(__scatter_copy.o)
        28          0          0          0          0          0   C:\Keil_v5\ARM\ARMCC\Bin\..\lib\armlib\c_w.l(__scatter_zi.o)
        28          0          0          0          0         68   C:\Keil_v5\ARM\ARMCC\Bin\..\lib\armlib\c_w.l(_chval.o)
         6          0          0          0          0          0   C:\Keil_v5\ARM\ARMCC\Bin\..\lib\armlib\c_w.l(_printf_a.o)
         6          0          0          0          0          0   C:\Keil_v5\ARM\ARMCC\Bin\..\lib\armlib\c_w.l(_printf_c.o)
        44          0          0          0          0        108   C:\Keil_v5\ARM\ARMCC\Bin\..\lib\armlib\c_w.l(_printf_char.o)
        48          6          0          0          0         96   C:\Keil_v5\ARM\ARMCC\Bin\..\lib\armlib\c_w.l(_printf_char_common.o)
        40          0          0          0          0         68   C:\Keil_v5\ARM\ARMCC\Bin\..\lib\armlib\c_w.l(_printf_charcount.o)
         6          0          0          0          0          0   C:\Keil_v5\ARM\ARMCC\Bin\..\lib\armlib\c_w.l(_printf_d.o)
       120         16          0          0          0         92   C:\Keil_v5\ARM\ARMCC\Bin\..\lib\armlib\c_w.l(_printf_dec.o)
         6          0          0          0          0          0   C:\Keil_v5\ARM\ARMCC\Bin\..\lib\armlib\c_w.l(_printf_e.o)
         6          0          0          0          0          0   C:\Keil_v5\ARM\ARMCC\Bin\..\lib\armlib\c_w.l(_printf_f.o)
      1054          0          0          0          0        216   C:\Keil_v5\ARM\ARMCC\Bin\..\lib\armlib\c_w.l(_printf_fp_dec.o)
       764          8         38          0          0        100   C:\Keil_v5\ARM\ARMCC\Bin\..\lib\armlib\c_w.l(_printf_fp_hex.o)
       128         16          0          0          0         84   C:\Keil_v5\ARM\ARMCC\Bin\..\lib\armlib\c_w.l(_printf_fp_infnan.o)
         6          0          0          0          0          0   C:\Keil_v5\ARM\ARMCC\Bin\..\lib\armlib\c_w.l(_printf_g.o)
       148          4         40          0          0        160   C:\Keil_v5\ARM\ARMCC\Bin\..\lib\armlib\c_w.l(_printf_hex_int_ll_ptr.o)
         6          0          0          0          0          0   C:\Keil_v5\ARM\ARMCC\Bin\..\lib\armlib\c_w.l(_printf_i.o)
       178          0          0          0          0         88   C:\Keil_v5\ARM\ARMCC\Bin\..\lib\armlib\c_w.l(_printf_intcommon.o)
        10          0          0          0          0          0   C:\Keil_v5\ARM\ARMCC\Bin\..\lib\armlib\c_w.l(_printf_l.o)
         6          0          0          0          0          0   C:\Keil_v5\ARM\ARMCC\Bin\..\lib\armlib\c_w.l(_printf_lc.o)
        10          0          0          0          0          0   C:\Keil_v5\ARM\ARMCC\Bin\..\lib\armlib\c_w.l(_printf_ll.o)
         6          0          0          0          0          0   C:\Keil_v5\ARM\ARMCC\Bin\..\lib\armlib\c_w.l(_printf_lld.o)
         6          0          0          0          0          0   C:\Keil_v5\ARM\ARMCC\Bin\..\lib\armlib\c_w.l(_printf_lli.o)
         6          0          0          0          0          0   C:\Keil_v5\ARM\ARMCC\Bin\..\lib\armlib\c_w.l(_printf_llo.o)
         6          0          0          0          0          0   C:\Keil_v5\ARM\ARMCC\Bin\..\lib\armlib\c_w.l(_printf_llu.o)
         6          0          0          0          0          0   C:\Keil_v5\ARM\ARMCC\Bin\..\lib\armlib\c_w.l(_printf_llx.o)
       124         16          0          0          0         92   C:\Keil_v5\ARM\ARMCC\Bin\..\lib\armlib\c_w.l(_printf_longlong_dec.o)
         6          0          0          0          0          0   C:\Keil_v5\ARM\ARMCC\Bin\..\lib\armlib\c_w.l(_printf_ls.o)
         6          0          0          0          0          0   C:\Keil_v5\ARM\ARMCC\Bin\..\lib\armlib\c_w.l(_printf_n.o)
         6          0          0          0          0          0   C:\Keil_v5\ARM\ARMCC\Bin\..\lib\armlib\c_w.l(_printf_o.o)
       112         10          0          0          0        124   C:\Keil_v5\ARM\ARMCC\Bin\..\lib\armlib\c_w.l(_printf_oct_int_ll.o)
         6          0          0          0          0          0   C:\Keil_v5\ARM\ARMCC\Bin\..\lib\armlib\c_w.l(_printf_p.o)
        78          0          0          0          0        108   C:\Keil_v5\ARM\ARMCC\Bin\..\lib\armlib\c_w.l(_printf_pad.o)
         0          0          0          0          0          0   C:\Keil_v5\ARM\ARMCC\Bin\..\lib\armlib\c_w.l(_printf_percent.o)
         4          0          0          0          0          0   C:\Keil_v5\ARM\ARMCC\Bin\..\lib\armlib\c_w.l(_printf_percent_end.o)
         6          0          0          0          0          0   C:\Keil_v5\ARM\ARMCC\Bin\..\lib\armlib\c_w.l(_printf_s.o)
        82          0          0          0          0         80   C:\Keil_v5\ARM\ARMCC\Bin\..\lib\armlib\c_w.l(_printf_str.o)
        36          0          0          0          0         84   C:\Keil_v5\ARM\ARMCC\Bin\..\lib\armlib\c_w.l(_printf_truncate.o)
         6          0          0          0          0          0   C:\Keil_v5\ARM\ARMCC\Bin\..\lib\armlib\c_w.l(_printf_u.o)
        44          0          0          0          0        108   C:\Keil_v5\ARM\ARMCC\Bin\..\lib\armlib\c_w.l(_printf_wchar.o)
       188          6          8          0          0         92   C:\Keil_v5\ARM\ARMCC\Bin\..\lib\armlib\c_w.l(_printf_wctomb.o)
         6          0          0          0          0          0   C:\Keil_v5\ARM\ARMCC\Bin\..\lib\armlib\c_w.l(_printf_x.o)
       884          6          0          0          0        100   C:\Keil_v5\ARM\ARMCC\Bin\..\lib\armlib\c_w.l(_scanf.o)
       332          0          0          0          0         96   C:\Keil_v5\ARM\ARMCC\Bin\..\lib\armlib\c_w.l(_scanf_int.o)
        64          0          0          0          0         84   C:\Keil_v5\ARM\ARMCC\Bin\..\lib\armlib\c_w.l(_sgetc.o)
        10          0          0          0          0         68   C:\Keil_v5\ARM\ARMCC\Bin\..\lib\armlib\c_w.l(_sputc.o)
        64          0          0          0          0         92   C:\Keil_v5\ARM\ARMCC\Bin\..\lib\armlib\c_w.l(_wcrtomb.o)
       228          4        148          0          0         96   C:\Keil_v5\ARM\ARMCC\Bin\..\lib\armlib\c_w.l(bigflt0.o)
      1936        128          0          0          0        672   C:\Keil_v5\ARM\ARMCC\Bin\..\lib\armlib\c_w.l(btod.o)
        10          0          0          0          0         68   C:\Keil_v5\ARM\ARMCC\Bin\..\lib\armlib\c_w.l(defsig_exit.o)
        50          0          0          0          0         88   C:\Keil_v5\ARM\ARMCC\Bin\..\lib\armlib\c_w.l(defsig_general.o)
        48         34          0          0          0         76   C:\Keil_v5\ARM\ARMCC\Bin\..\lib\armlib\c_w.l(defsig_pvfn_inner.o)
        14          0          0          0          0         80   C:\Keil_v5\ARM\ARMCC\Bin\..\lib\armlib\c_w.l(defsig_pvfn_outer.o)
        80         58          0          0          0         76   C:\Keil_v5\ARM\ARMCC\Bin\..\lib\armlib\c_w.l(defsig_rtmem_inner.o)
        14          0          0          0          0         80   C:\Keil_v5\ARM\ARMCC\Bin\..\lib\armlib\c_w.l(defsig_rtmem_outer.o)
        52         38          0          0          0         76   C:\Keil_v5\ARM\ARMCC\Bin\..\lib\armlib\c_w.l(defsig_rtred_inner.o)
        14          0          0          0          0         80   C:\Keil_v5\ARM\ARMCC\Bin\..\lib\armlib\c_w.l(defsig_rtred_outer.o)
        76          0          0          0          0         88   C:\Keil_v5\ARM\ARMCC\Bin\..\lib\armlib\c_w.l(fclose.o)
       144         10          0          0          0        128   C:\Keil_v5\ARM\ARMCC\Bin\..\lib\armlib\c_w.l(fflush_locked.o)
       324          8          0          0          0        152   C:\Keil_v5\ARM\ARMCC\Bin\..\lib\armlib\c_w.l(fopen_locked.o)
       248          6          0          0          0         84   C:\Keil_v5\ARM\ARMCC\Bin\..\lib\armlib\c_w.l(fseek.o)
        66          0          0          0          0         76   C:\Keil_v5\ARM\ARMCC\Bin\..\lib\armlib\c_w.l(ftell.o)
       158          0          0          0          0        128   C:\Keil_v5\ARM\ARMCC\Bin\..\lib\armlib\c_w.l(h1_alloc_mt.o)
        62          0          0          0          0         80   C:\Keil_v5\ARM\ARMCC\Bin\..\lib\armlib\c_w.l(h1_extend_mt.o)
       118          0          0          0          0        108   C:\Keil_v5\ARM\ARMCC\Bin\..\lib\armlib\c_w.l(h1_free_mt.o)
        18          0          0          0          0         84   C:\Keil_v5\ARM\ARMCC\Bin\..\lib\armlib\c_w.l(h1_init_mt.o)
         6          0          0          0          0        152   C:\Keil_v5\ARM\ARMCC\Bin\..\lib\armlib\c_w.l(heapauxi.o)
         4          0          0          0          0        136   C:\Keil_v5\ARM\ARMCC\Bin\..\lib\armlib\c_w.l(hguard.o)
         0          0          0          0          0          0   C:\Keil_v5\ARM\ARMCC\Bin\..\lib\armlib\c_w.l(indicate_semi.o)
        36         10          0          0          0         80   C:\Keil_v5\ARM\ARMCC\Bin\..\lib\armlib\c_w.l(init_aeabi.o)
       138          0          0          0          0        168   C:\Keil_v5\ARM\ARMCC\Bin\..\lib\armlib\c_w.l(init_alloc.o)
       456         48          0          0          0        116   C:\Keil_v5\ARM\ARMCC\Bin\..\lib\armlib\c_w.l(initio_locked.o)
        18          0          0          0          0         76   C:\Keil_v5\ARM\ARMCC\Bin\..\lib\armlib\c_w.l(isspace.o)
        44         10        272          0          0         76   C:\Keil_v5\ARM\ARMCC\Bin\..\lib\armlib\c_w.l(lc_ctype_c.o)
        44         10         28          0          0         76   C:\Keil_v5\ARM\ARMCC\Bin\..\lib\armlib\c_w.l(lc_numeric_c.o)
         2          0          0          0          0          0   C:\Keil_v5\ARM\ARMCC\Bin\..\lib\armlib\c_w.l(libinit.o)
        46          0          0          0          0          0   C:\Keil_v5\ARM\ARMCC\Bin\..\lib\armlib\c_w.l(libinit2.o)
         0          0          0          0          0          0   C:\Keil_v5\ARM\ARMCC\Bin\..\lib\armlib\c_w.l(libshutdown2.o)
         8          4          0          0         96         68   C:\Keil_v5\ARM\ARMCC\Bin\..\lib\armlib\c_w.l(libspace.o)
       138          0          0          0          0         80   C:\Keil_v5\ARM\ARMCC\Bin\..\lib\armlib\c_w.l(lludiv10.o)
         0          0          0          0          0          0   C:\Keil_v5\ARM\ARMCC\Bin\..\lib\armlib\c_w.l(maybetermalloc1.o)
        16          4          0          0          0         76   C:\Keil_v5\ARM\ARMCC\Bin\..\lib\armlib\c_w.l(rt_ctype_table.o)
         4          0          0          0          0         68   C:\Keil_v5\ARM\ARMCC\Bin\..\lib\armlib\c_w.l(rt_errno_addr_twolibspace.o)
        10          0          0          0          0         76   C:\Keil_v5\ARM\ARMCC\Bin\..\lib\armlib\c_w.l(rt_heap_descriptor_twolibspace.o)
        10          0          0          0          0         76   C:\Keil_v5\ARM\ARMCC\Bin\..\lib\armlib\c_w.l(rt_locale_twolibspace.o)
        78          0          0          0          0         80   C:\Keil_v5\ARM\ARMCC\Bin\..\lib\armlib\c_w.l(rt_memclr_w.o)
       100          0          0          0          0         80   C:\Keil_v5\ARM\ARMCC\Bin\..\lib\armlib\c_w.l(rt_memcpy_w.o)
        44          8          0          0          0         84   C:\Keil_v5\ARM\ARMCC\Bin\..\lib\armlib\c_w.l(scanf_char.o)
       104          0          0          0          0         88   C:\Keil_v5\ARM\ARMCC\Bin\..\lib\armlib\c_w.l(setvbuf_locked.o)
       240          6          0          0          0        156   C:\Keil_v5\ARM\ARMCC\Bin\..\lib\armlib\c_w.l(stdio.o)
         0          0          0         12        252          0   C:\Keil_v5\ARM\ARMCC\Bin\..\lib\armlib\c_w.l(stdio_streams.o)
       128          0          0          0          0         68   C:\Keil_v5\ARM\ARMCC\Bin\..\lib\armlib\c_w.l(strcmpv7m.o)
         0          0          0          4          0          0   C:\Keil_v5\ARM\ARMCC\Bin\..\lib\armlib\c_w.l(streamlock.o)
        62          0          0          0          0         76   C:\Keil_v5\ARM\ARMCC\Bin\..\lib\armlib\c_w.l(strlen.o)
       150          0          0          0          0         80   C:\Keil_v5\ARM\ARMCC\Bin\..\lib\armlib\c_w.l(strncmp.o)
        12          4          0          0          0         68   C:\Keil_v5\ARM\ARMCC\Bin\..\lib\armlib\c_w.l(sys_exit.o)
        14          0          0          0          0         76   C:\Keil_v5\ARM\ARMCC\Bin\..\lib\armlib\c_w.l(sys_wrch.o)
         2          0          0          0          0         68   C:\Keil_v5\ARM\ARMCC\Bin\..\lib\armlib\c_w.l(use_no_semi.o)
        36          4          0          0          0         76   C:\Keil_v5\ARM\ARMCC\Bin\..\lib\armlib\c_w.l(vsprintf.o)
         6          0          0          0          0         68   C:\Keil_v5\ARM\ARMCC\Bin\..\lib\cpplib\cpprt_w.l(pure_virt.o)
        54          4          0          0          0         84   C:\Keil_v5\ARM\ARMCC\Bin\..\lib\armlib\fz_ws.l(ffix.o)
        62          4          0          0          0         84   C:\Keil_v5\ARM\ARMCC\Bin\..\lib\armlib\fz_ws.l(ffixu.o)
       258          4          0          0          0         84   C:\Keil_v5\ARM\ARMCC\Bin\..\lib\armlib\fz_ws.l(fmul.o)
       140          4          0          0          0         84   C:\Keil_v5\ARM\ARMCC\Bin\..\lib\armlib\fz_ws.l(fnaninf.o)
        10          0          0          0          0         68   C:\Keil_v5\ARM\ARMCC\Bin\..\lib\armlib\fz_ws.l(fretinf.o)
         4          0          0          0          0         68   C:\Keil_v5\ARM\ARMCC\Bin\..\lib\armlib\fz_ws.l(printf1.o)
         4          0          0          0          0         68   C:\Keil_v5\ARM\ARMCC\Bin\..\lib\armlib\fz_ws.l(printf2.o)
         0          0          0          0          0          0   C:\Keil_v5\ARM\ARMCC\Bin\..\lib\armlib\fz_ws.l(usenofp.o)
        40          0          0          0          0         68   C:\Keil_v5\ARM\ARMCC\Bin\..\lib\armlib\m_ws.l(fpclassify.o)
       156         26          0         12          0        224   mbed/TARGET_LPC1768/TOOLCHAIN_ARM_STD/mbed.ar(FileBase.o)
       154          0          0          0          0        440   mbed/TARGET_LPC1768/TOOLCHAIN_ARM_STD/mbed.ar(FilePath.o)
       174         14         98          0          0        256   mbed/TARGET_LPC1768/TOOLCHAIN_ARM_STD/mbed.ar(Ticker.o)
        96         12         20          0          0        356   mbed/TARGET_LPC1768/TOOLCHAIN_ARM_STD/mbed.ar(TimerEvent.o)
        84         52          0          0          0         88   mbed/TARGET_LPC1768/TOOLCHAIN_ARM_STD/mbed.ar(mbed_assert.o)
       228         98         67          8          0        156   mbed/TARGET_LPC1768/TOOLCHAIN_ARM_STD/mbed.ar(mbed_critical.o)
        18          0          0          0          0         80   mbed/TARGET_LPC1768/TOOLCHAIN_ARM_STD/mbed.ar(mbed_error.o)
       216         36          0          0          0        268   mbed/TARGET_LPC1768/TOOLCHAIN_ARM_STD/mbed.ar(mbed_gpio.o)
         4          0          0          0          0         68   mbed/TARGET_LPC1768/TOOLCHAIN_ARM_STD/mbed.ar(mbed_interface.o)
       274         78          0          0          0        308   mbed/TARGET_LPC1768/TOOLCHAIN_ARM_STD/mbed.ar(mbed_pinmap_common.o)
        28          6          0          0          0        144   mbed/TARGET_LPC1768/TOOLCHAIN_ARM_STD/mbed.ar(mbed_semihost_api.o)
       242          0          0          0          0        420   mbed/TARGET_LPC1768/TOOLCHAIN_ARM_STD/mbed.ar(mbed_ticker_api.o)
        20         10         28          8          0        136   mbed/TARGET_LPC1768/TOOLCHAIN_ARM_STD/mbed.ar(mbed_us_ticker_api.o)
        64          4          0          0          0        160   mbed/TARGET_LPC1768/TOOLCHAIN_ARM_STD/mbed.ar(mbed_wait_api_no_rtos.o)

    ----------------------------------------------------------------------
     13274        854        768         44        348      10944   Library Totals
        34          0          4          0          0          0   (incl. Padding)

    ----------------------------------------------------------------------

      Code (inc. data)   RO Data    RW Data    ZI Data      Debug   Library Name

     10904        502        551         16        348       7164   C:\Keil_v5\ARM\ARMCC\Bin\..\lib\armlib\c_w.l
         6          0          0          0          0         68   C:\Keil_v5\ARM\ARMCC\Bin\..\lib\cpplib\cpprt_w.l
       532         16          0          0          0        540   C:\Keil_v5\ARM\ARMCC\Bin\..\lib\armlib\fz_ws.l
        40          0          0          0          0         68   C:\Keil_v5\ARM\ARMCC\Bin\..\lib\armlib\m_ws.l
      1758        336        213         28          0       3104   mbed/TARGET_LPC1768/TOOLCHAIN_ARM_STD/mbed.ar

    ----------------------------------------------------------------------
     13274        854        768         44        348      10944   Library Totals

    ----------------------------------------------------------------------

==============================================================================


      Code (inc. data)   RO Data    RW Data    ZI Data      Debug   

     24748       2298       1896        188       5032     130659   Grand Totals
     24748       2298       1896        188       5032     130659   ELF Image Totals
     24748       2298       1896        188          0          0   ROM Totals

==============================================================================

    Total RO  Size (Code + RO Data)                26644 (  26.02kB)
    Total RW  Size (RW Data + ZI Data)              5220 (   5.10kB)
    Total ROM Size (Code + RO Data + RW Data)      26832 (  26.20kB)

==============================================================================

